09:53:57 **** Auto Build of configuration Debug for project FreeRTOS_test ****
make pre-build main-build 
a9-linaro-pre-build-step
' '
'Building file: ../src/freertos_hello_world.c'
'Invoking: ARM v7 gcc compiler'
arm-none-eabi-gcc -Wall -O0 -g3 -c -fmessage-length=0 -MT"src/freertos_hello_world.o" -mcpu=cortex-a9 -mfpu=vfpv3 -mfloat-abi=hard -I../../FreeRTOS_test_bsp/ps7_cortexa9_0/include -MMD -MP -MF"src/freertos_hello_world.d" -MT"src/freertos_hello_world.o" -o "src/freertos_hello_world.o" "../src/freertos_hello_world.c"
'Finished building: ../src/freertos_hello_world.c'
' '
'Building target: FreeRTOS_test.elf'
'Invoking: ARM v7 gcc linker'
arm-none-eabi-gcc -mcpu=cortex-a9 -mfpu=vfpv3 -mfloat-abi=hard -Wl,-build-id=none -specs=Xilinx.spec -Wl,-T -Wl,../src/lscript.ld -L../../FreeRTOS_test_bsp/ps7_cortexa9_0/lib -o "FreeRTOS_test.elf"  ./src/freertos_hello_world.o   -Wl,--start-group,-lxil,-lfreertos,-lgcc,-lc,--end-group
'Finished building target: FreeRTOS_test.elf'
' '
'Invoking: ARM v7 Print Size'
arm-none-eabi-size FreeRTOS_test.elf  |tee "FreeRTOS_test.elf.size"
   text	   data	    bss	    dec	    hex	filename
  89604	   4180	  89424	 183208	  2cba8	FreeRTOS_test.elf
'Finished building: FreeRTOS_test.elf.size'
' '

09:54:00 Build Finished (took 3s.683ms)

