15:52:10 **** Incremental Build of configuration Debug for project USB_example2 ****
make pre-build main-build 
..\GUID.bat && a9-linaro-pre-build-step
Generating Guid HEX
'GUID_convertor.exe' is not recognized as an internal or external command,
operable program or batch file.
make: [pre-build] Error 1 (ignored)
' '
make: Nothing to be done for `main-build'.
15:53:16 **** Incremental Build of configuration Debug for project USB_example2 ****
make pre-build main-build 
..\GUID.bat && a9-linaro-pre-build-step
Generating Guid HEX
Reading GUID from "D:\WorkingDirectory\Ottawa_workingDir\Misc\Winusb\Winusb.sdk\USB_example2\/src/GUID.txt" 

Writing to "D:\WorkingDirectory\Ottawa_workingDir\Misc\Winusb\Winusb.sdk\USB_example2\/src/GUID.h" 


GUID: {5D087431-5725-4673-83A0-4394EC2F0EEA} 

GUID is valid
' '
'Building file: ../src/xusbps_ch9_winusb.c'
'Invoking: ARM v7 gcc compiler'
arm-none-eabi-gcc -Wall -O0 -g3 -c -fmessage-length=0 -MT"src/xusbps_ch9_winusb.o" -mcpu=cortex-a9 -mfpu=vfpv3 -mfloat-abi=hard -I../../USB_example_bsp/ps7_cortexa9_0/include -MMD -MP -MF"src/xusbps_ch9_winusb.d" -MT"src/xusbps_ch9_winusb.o" -o "src/xusbps_ch9_winusb.o" "../src/xusbps_ch9_winusb.c"
In file included from ../src/xusbps_ch9_winusb.c:51:0:
../src/GUID.h:17:49: warning: backslash and newline separated by space
 #define GUID_HEX 0x7B, 0x00, 0x35, 0x00, 0x44,  \
                                                  
../src/GUID.h:18:32: warning: backslash and newline separated by space
 0x00, 0x30, 0x00, 0x38, 0x00,  \
                                 
../src/GUID.h:19:32: warning: backslash and newline separated by space
 0x37, 0x00, 0x34, 0x00, 0x33,  \
                                 
../src/GUID.h:20:32: warning: backslash and newline separated by space
 0x00, 0x31, 0x00, 0x2D, 0x00,  \
                                 
../src/GUID.h:21:32: warning: backslash and newline separated by space
 0x35, 0x00, 0x37, 0x00, 0x32,  \
                                 
../src/GUID.h:22:32: warning: backslash and newline separated by space
 0x00, 0x35, 0x00, 0x2D, 0x00,  \
                                 
../src/GUID.h:23:32: warning: backslash and newline separated by space
 0x34, 0x00, 0x36, 0x00, 0x37,  \
                                 
../src/GUID.h:24:32: warning: backslash and newline separated by space
 0x00, 0x33, 0x00, 0x2D, 0x00,  \
                                 
../src/GUID.h:25:32: warning: backslash and newline separated by space
 0x38, 0x00, 0x33, 0x00, 0x41,  \
                                 
../src/GUID.h:26:32: warning: backslash and newline separated by space
 0x00, 0x30, 0x00, 0x2D, 0x00,  \
                                 
../src/GUID.h:27:32: warning: backslash and newline separated by space
 0x34, 0x00, 0x33, 0x00, 0x39,  \
                                 
../src/GUID.h:28:32: warning: backslash and newline separated by space
 0x00, 0x34, 0x00, 0x45, 0x00,  \
                                 
../src/GUID.h:29:32: warning: backslash and newline separated by space
 0x43, 0x00, 0x32, 0x00, 0x46,  \
                                 
../src/GUID.h:30:32: warning: backslash and newline separated by space
 0x00, 0x30, 0x00, 0x45, 0x00,  \
                                 
../src/GUID.h:31:32: warning: backslash and newline separated by space
 0x45, 0x00, 0x41, 0x00, 0x7D,  \
                                 
'Finished building: ../src/xusbps_ch9_winusb.c'
' '
'Building target: USB_example2.elf'
'Invoking: ARM v7 gcc linker'
arm-none-eabi-gcc -mcpu=cortex-a9 -mfpu=vfpv3 -mfloat-abi=hard -Wl,-build-id=none -specs=Xilinx.spec -Wl,-T -Wl,../src/lscript.ld -L../../USB_example_bsp/ps7_cortexa9_0/lib -o "USB_example2.elf"  ./src/platform.o ./src/xusbps_ch9.o ./src/xusbps_ch9_winusb.o ./src/xusbps_class_winusb.o ./src/xusbps_intr_example.o   -Wl,--start-group,-lxil,-lgcc,-lc,--end-group
'Finished building target: USB_example2.elf'
' '
'Invoking: ARM v7 Print Size'
arm-none-eabi-size USB_example2.elf  |tee "USB_example2.elf.size"
   text	   data	    bss	    dec	    hex	filename
  50528	   3800	1139072	1193400	 1235b8	USB_example2.elf
'Finished building: USB_example2.elf.size'
' '
15:54:27 **** Incremental Build of configuration Debug for project USB_example2 ****
make pre-build main-build 
..\GUID.bat && a9-linaro-pre-build-step
Generating Guid HEX
Reading GUID from "D:\WorkingDirectory\Ottawa_workingDir\Misc\Winusb\Winusb.sdk\USB_example2\/src/GUID.txt" 

Writing to "D:\WorkingDirectory\Ottawa_workingDir\Misc\Winusb\Winusb.sdk\USB_example2\/src/GUID.h" 


GUID: {5D087431-5725-4673-83A0-4394EC2F0EEA} 

GUID is valid
' '
'Building file: ../src/xusbps_ch9_winusb.c'
'Invoking: ARM v7 gcc compiler'
arm-none-eabi-gcc -Wall -O0 -g3 -c -fmessage-length=0 -MT"src/xusbps_ch9_winusb.o" -mcpu=cortex-a9 -mfpu=vfpv3 -mfloat-abi=hard -I../../USB_example_bsp/ps7_cortexa9_0/include -MMD -MP -MF"src/xusbps_ch9_winusb.d" -MT"src/xusbps_ch9_winusb.o" -o "src/xusbps_ch9_winusb.o" "../src/xusbps_ch9_winusb.c"
'Finished building: ../src/xusbps_ch9_winusb.c'
' '
'Building target: USB_example2.elf'
'Invoking: ARM v7 gcc linker'
arm-none-eabi-gcc -mcpu=cortex-a9 -mfpu=vfpv3 -mfloat-abi=hard -Wl,-build-id=none -specs=Xilinx.spec -Wl,-T -Wl,../src/lscript.ld -L../../USB_example_bsp/ps7_cortexa9_0/lib -o "USB_example2.elf"  ./src/platform.o ./src/xusbps_ch9.o ./src/xusbps_ch9_winusb.o ./src/xusbps_class_winusb.o ./src/xusbps_intr_example.o   -Wl,--start-group,-lxil,-lgcc,-lc,--end-group
'Finished building target: USB_example2.elf'
' '
'Invoking: ARM v7 Print Size'
arm-none-eabi-size USB_example2.elf  |tee "USB_example2.elf.size"
   text	   data	    bss	    dec	    hex	filename
  50528	   3800	1139072	1193400	 1235b8	USB_example2.elf
'Finished building: USB_example2.elf.size'
' '
15:55:03 **** Incremental Build of configuration Debug for project USB_example2 ****
make pre-build main-build 
..\GUID.bat && a9-linaro-pre-build-step
Generating Guid HEX
Reading GUID from "D:\WorkingDirectory\Ottawa_workingDir\Misc\Winusb\Winusb.sdk\USB_example2\/src/GUID.txt" 

Writing to "D:\WorkingDirectory\Ottawa_workingDir\Misc\Winusb\Winusb.sdk\USB_example2\/src/GUID.h" 


GUID: {5D087431-5725-4673-83A0-4394EC2F0EEB} 

GUID is valid
' '
'Building file: ../src/xusbps_ch9_winusb.c'
'Invoking: ARM v7 gcc compiler'
arm-none-eabi-gcc -Wall -O0 -g3 -c -fmessage-length=0 -MT"src/xusbps_ch9_winusb.o" -mcpu=cortex-a9 -mfpu=vfpv3 -mfloat-abi=hard -I../../USB_example_bsp/ps7_cortexa9_0/include -MMD -MP -MF"src/xusbps_ch9_winusb.d" -MT"src/xusbps_ch9_winusb.o" -o "src/xusbps_ch9_winusb.o" "../src/xusbps_ch9_winusb.c"
'Finished building: ../src/xusbps_ch9_winusb.c'
' '
'Building target: USB_example2.elf'
'Invoking: ARM v7 gcc linker'
arm-none-eabi-gcc -mcpu=cortex-a9 -mfpu=vfpv3 -mfloat-abi=hard -Wl,-build-id=none -specs=Xilinx.spec -Wl,-T -Wl,../src/lscript.ld -L../../USB_example_bsp/ps7_cortexa9_0/lib -o "USB_example2.elf"  ./src/platform.o ./src/xusbps_ch9.o ./src/xusbps_ch9_winusb.o ./src/xusbps_class_winusb.o ./src/xusbps_intr_example.o   -Wl,--start-group,-lxil,-lgcc,-lc,--end-group
'Finished building target: USB_example2.elf'
' '
'Invoking: ARM v7 Print Size'
arm-none-eabi-size USB_example2.elf  |tee "USB_example2.elf.size"
   text	   data	    bss	    dec	    hex	filename
  50528	   3800	1139072	1193400	 1235b8	USB_example2.elf
'Finished building: USB_example2.elf.size'
' '
15:56:01 **** Auto Build of configuration Debug for project USB_example2 ****
make pre-build main-build 
..\GUID.bat && a9-linaro-pre-build-step
Generating Guid HEX
Reading GUID from "D:\WorkingDirectory\Ottawa_workingDir\Misc\Winusb\Winusb.sdk\USB_example2\/src/GUID.txt" 

Writing to "D:\WorkingDirectory\Ottawa_workingDir\Misc\Winusb\Winusb.sdk\USB_example2\/src/GUID.h" 


GUID: {5D087431-5725-4673-83A0-4394EC2F0EEB} 

GUID is valid
' '
'Building file: ../src/xusbps_ch9.c'
'Invoking: ARM v7 gcc compiler'
arm-none-eabi-gcc -Wall -O0 -g3 -c -fmessage-length=0 -MT"src/xusbps_ch9.o" -mcpu=cortex-a9 -mfpu=vfpv3 -mfloat-abi=hard -I../../USB_example_bsp/ps7_cortexa9_0/include -MMD -MP -MF"src/xusbps_ch9.d" -MT"src/xusbps_ch9.o" -o "src/xusbps_ch9.o" "../src/xusbps_ch9.c"
'Finished building: ../src/xusbps_ch9.c'
' '
'Building file: ../src/xusbps_ch9_winusb.c'
'Invoking: ARM v7 gcc compiler'
arm-none-eabi-gcc -Wall -O0 -g3 -c -fmessage-length=0 -MT"src/xusbps_ch9_winusb.o" -mcpu=cortex-a9 -mfpu=vfpv3 -mfloat-abi=hard -I../../USB_example_bsp/ps7_cortexa9_0/include -MMD -MP -MF"src/xusbps_ch9_winusb.d" -MT"src/xusbps_ch9_winusb.o" -o "src/xusbps_ch9_winusb.o" "../src/xusbps_ch9_winusb.c"
'Finished building: ../src/xusbps_ch9_winusb.c'
' '
'Building file: ../src/xusbps_class_winusb.c'
'Invoking: ARM v7 gcc compiler'
arm-none-eabi-gcc -Wall -O0 -g3 -c -fmessage-length=0 -MT"src/xusbps_class_winusb.o" -mcpu=cortex-a9 -mfpu=vfpv3 -mfloat-abi=hard -I../../USB_example_bsp/ps7_cortexa9_0/include -MMD -MP -MF"src/xusbps_class_winusb.d" -MT"src/xusbps_class_winusb.o" -o "src/xusbps_class_winusb.o" "../src/xusbps_class_winusb.c"
'Finished building: ../src/xusbps_class_winusb.c'
' '
'Building file: ../src/xusbps_intr_example.c'
'Invoking: ARM v7 gcc compiler'
arm-none-eabi-gcc -Wall -O0 -g3 -c -fmessage-length=0 -MT"src/xusbps_intr_example.o" -mcpu=cortex-a9 -mfpu=vfpv3 -mfloat-abi=hard -I../../USB_example_bsp/ps7_cortexa9_0/include -MMD -MP -MF"src/xusbps_intr_example.d" -MT"src/xusbps_intr_example.o" -o "src/xusbps_intr_example.o" "../src/xusbps_intr_example.c"
'Finished building: ../src/xusbps_intr_example.c'
' '
'Building target: USB_example2.elf'
'Invoking: ARM v7 gcc linker'
arm-none-eabi-gcc -mcpu=cortex-a9 -mfpu=vfpv3 -mfloat-abi=hard -Wl,-build-id=none -specs=Xilinx.spec -Wl,-T -Wl,../src/lscript.ld -L../../USB_example_bsp/ps7_cortexa9_0/lib -o "USB_example2.elf"  ./src/platform.o ./src/xusbps_ch9.o ./src/xusbps_ch9_winusb.o ./src/xusbps_class_winusb.o ./src/xusbps_intr_example.o   -Wl,--start-group,-lxil,-lgcc,-lc,--end-group
'Finished building target: USB_example2.elf'
' '
'Invoking: ARM v7 Print Size'
arm-none-eabi-size USB_example2.elf  |tee "USB_example2.elf.size"
   text	   data	    bss	    dec	    hex	filename
  50528	   3800	1139072	1193400	 1235b8	USB_example2.elf
'Finished building: USB_example2.elf.size'
' '
15:56:05 **** Incremental Build of configuration Debug for project USB_example2 ****
make pre-build main-build 
..\GUID.bat && a9-linaro-pre-build-step
Generating Guid HEX
Reading GUID from "D:\WorkingDirectory\Ottawa_workingDir\Misc\Winusb\Winusb.sdk\USB_example2\/src/GUID.txt" 

Writing to "D:\WorkingDirectory\Ottawa_workingDir\Misc\Winusb\Winusb.sdk\USB_example2\/src/GUID.h" 


GUID: {5D087431-5725-4673-83A0-4394EC2F0EEB} 

GUID is valid
' '
'Building file: ../src/xusbps_ch9_winusb.c'
'Invoking: ARM v7 gcc compiler'
arm-none-eabi-gcc -Wall -O0 -g3 -c -fmessage-length=0 -MT"src/xusbps_ch9_winusb.o" -mcpu=cortex-a9 -mfpu=vfpv3 -mfloat-abi=hard -I../../USB_example_bsp/ps7_cortexa9_0/include -MMD -MP -MF"src/xusbps_ch9_winusb.d" -MT"src/xusbps_ch9_winusb.o" -o "src/xusbps_ch9_winusb.o" "../src/xusbps_ch9_winusb.c"
'Finished building: ../src/xusbps_ch9_winusb.c'
' '
'Building target: USB_example2.elf'
'Invoking: ARM v7 gcc linker'
arm-none-eabi-gcc -mcpu=cortex-a9 -mfpu=vfpv3 -mfloat-abi=hard -Wl,-build-id=none -specs=Xilinx.spec -Wl,-T -Wl,../src/lscript.ld -L../../USB_example_bsp/ps7_cortexa9_0/lib -o "USB_example2.elf"  ./src/platform.o ./src/xusbps_ch9.o ./src/xusbps_ch9_winusb.o ./src/xusbps_class_winusb.o ./src/xusbps_intr_example.o   -Wl,--start-group,-lxil,-lgcc,-lc,--end-group
'Finished building target: USB_example2.elf'
' '
'Invoking: ARM v7 Print Size'
arm-none-eabi-size USB_example2.elf  |tee "USB_example2.elf.size"
   text	   data	    bss	    dec	    hex	filename
  50528	   3800	1139072	1193400	 1235b8	USB_example2.elf
'Finished building: USB_example2.elf.size'
' '
15:59:54 **** Auto Build of configuration Debug for project USB_example2 ****
make pre-build main-build 
..\GUID.bat && a9-linaro-pre-build-step
Generating Guid HEX
Reading GUID from "D:\WorkingDirectory\Ottawa_workingDir\Misc\Winusb\Winusb.sdk\USB_example2\/src/GUID.txt" 

Writing to "D:\WorkingDirectory\Ottawa_workingDir\Misc\Winusb\Winusb.sdk\USB_example2\/src/GUID.h" 


GUID: {5D087431-5725-4673-83A0-4394EC2F0EEB} 

GUID is valid
' '
'Building file: ../src/xusbps_ch9_winusb.c'
'Invoking: ARM v7 gcc compiler'
arm-none-eabi-gcc -Wall -O0 -g3 -c -fmessage-length=0 -MT"src/xusbps_ch9_winusb.o" -mcpu=cortex-a9 -mfpu=vfpv3 -mfloat-abi=hard -I../../USB_example_bsp/ps7_cortexa9_0/include -MMD -MP -MF"src/xusbps_ch9_winusb.d" -MT"src/xusbps_ch9_winusb.o" -o "src/xusbps_ch9_winusb.o" "../src/xusbps_ch9_winusb.c"
'Finished building: ../src/xusbps_ch9_winusb.c'
' '
'Building target: USB_example2.elf'
'Invoking: ARM v7 gcc linker'
arm-none-eabi-gcc -mcpu=cortex-a9 -mfpu=vfpv3 -mfloat-abi=hard -Wl,-build-id=none -specs=Xilinx.spec -Wl,-T -Wl,../src/lscript.ld -L../../USB_example_bsp/ps7_cortexa9_0/lib -o "USB_example2.elf"  ./src/platform.o ./src/xusbps_ch9.o ./src/xusbps_ch9_winusb.o ./src/xusbps_class_winusb.o ./src/xusbps_intr_example.o   -Wl,--start-group,-lxil,-lgcc,-lc,--end-group
'Finished building target: USB_example2.elf'
' '
'Invoking: ARM v7 Print Size'
arm-none-eabi-size USB_example2.elf  |tee "USB_example2.elf.size"
   text	   data	    bss	    dec	    hex	filename
  50528	   3800	1139072	1193400	 1235b8	USB_example2.elf
'Finished building: USB_example2.elf.size'
' '
16:44:16 **** Incremental Build of configuration Debug for project USB_example2 ****
make pre-build main-build 
..\GUID.bat && a9-linaro-pre-build-step
Generating Guid HEX
Reading GUID from "D:\WorkingDirectory\Ottawa_workingDir\Misc\Winusb\Winusb.sdk\USB_example2\/src/GUID.txt" 

Writing to "D:\WorkingDirectory\Ottawa_workingDir\Misc\Winusb\Winusb.sdk\USB_example2\/src/GUID.h" 


GUID: {5D087431-5725-4673-83A0-4394EC2F0EEB} 

GUID is valid
' '
'Building file: ../src/xusbps_ch9_winusb.c'
'Invoking: ARM v7 gcc compiler'
arm-none-eabi-gcc -Wall -O0 -g3 -c -fmessage-length=0 -MT"src/xusbps_ch9_winusb.o" -mcpu=cortex-a9 -mfpu=vfpv3 -mfloat-abi=hard -I../../USB_example_bsp/ps7_cortexa9_0/include -MMD -MP -MF"src/xusbps_ch9_winusb.d" -MT"src/xusbps_ch9_winusb.o" -o "src/xusbps_ch9_winusb.o" "../src/xusbps_ch9_winusb.c"
'Finished building: ../src/xusbps_ch9_winusb.c'
' '
'Building target: USB_example2.elf'
'Invoking: ARM v7 gcc linker'
arm-none-eabi-gcc -mcpu=cortex-a9 -mfpu=vfpv3 -mfloat-abi=hard -Wl,-build-id=none -specs=Xilinx.spec -Wl,-T -Wl,../src/lscript.ld -L../../USB_example_bsp/ps7_cortexa9_0/lib -o "USB_example2.elf"  ./src/platform.o ./src/xusbps_ch9.o ./src/xusbps_ch9_winusb.o ./src/xusbps_class_winusb.o ./src/xusbps_intr_example.o   -Wl,--start-group,-lxil,-lgcc,-lc,--end-group
'Finished building target: USB_example2.elf'
' '
'Invoking: ARM v7 Print Size'
arm-none-eabi-size USB_example2.elf  |tee "USB_example2.elf.size"
   text	   data	    bss	    dec	    hex	filename
  50528	   3800	1139072	1193400	 1235b8	USB_example2.elf
'Finished building: USB_example2.elf.size'
' '
16:50:03 **** Auto Build of configuration Debug for project USB_example2 ****
make pre-build main-build 
..\GUID.bat && a9-linaro-pre-build-step
Generating Guid HEX
Reading GUID from "D:\WorkingDirectory\Ottawa_workingDir\Misc\Winusb\Winusb.sdk\USB_example2\/src/GUID.txt" 

Writing to "D:\WorkingDirectory\Ottawa_workingDir\Misc\Winusb\Winusb.sdk\USB_example2\/src/GUID.h" 


GUID: {5D087431-5725-4673-83A0-4394EC2F0EEB} 

GUID is valid
' '
'Building file: ../src/xusbps_ch9.c'
'Invoking: ARM v7 gcc compiler'
arm-none-eabi-gcc -Wall -O0 -g3 -c -fmessage-length=0 -MT"src/xusbps_ch9.o" -mcpu=cortex-a9 -mfpu=vfpv3 -mfloat-abi=hard -I../../USB_example_bsp/ps7_cortexa9_0/include -MMD -MP -MF"src/xusbps_ch9.d" -MT"src/xusbps_ch9.o" -o "src/xusbps_ch9.o" "../src/xusbps_ch9.c"
'Finished building: ../src/xusbps_ch9.c'
' '
'Building file: ../src/xusbps_ch9_winusb.c'
'Invoking: ARM v7 gcc compiler'
arm-none-eabi-gcc -Wall -O0 -g3 -c -fmessage-length=0 -MT"src/xusbps_ch9_winusb.o" -mcpu=cortex-a9 -mfpu=vfpv3 -mfloat-abi=hard -I../../USB_example_bsp/ps7_cortexa9_0/include -MMD -MP -MF"src/xusbps_ch9_winusb.d" -MT"src/xusbps_ch9_winusb.o" -o "src/xusbps_ch9_winusb.o" "../src/xusbps_ch9_winusb.c"
'Finished building: ../src/xusbps_ch9_winusb.c'
' '
'Building file: ../src/xusbps_class_winusb.c'
'Invoking: ARM v7 gcc compiler'
arm-none-eabi-gcc -Wall -O0 -g3 -c -fmessage-length=0 -MT"src/xusbps_class_winusb.o" -mcpu=cortex-a9 -mfpu=vfpv3 -mfloat-abi=hard -I../../USB_example_bsp/ps7_cortexa9_0/include -MMD -MP -MF"src/xusbps_class_winusb.d" -MT"src/xusbps_class_winusb.o" -o "src/xusbps_class_winusb.o" "../src/xusbps_class_winusb.c"
'Finished building: ../src/xusbps_class_winusb.c'
' '
'Building file: ../src/xusbps_intr_example.c'
'Invoking: ARM v7 gcc compiler'
arm-none-eabi-gcc -Wall -O0 -g3 -c -fmessage-length=0 -MT"src/xusbps_intr_example.o" -mcpu=cortex-a9 -mfpu=vfpv3 -mfloat-abi=hard -I../../USB_example_bsp/ps7_cortexa9_0/include -MMD -MP -MF"src/xusbps_intr_example.d" -MT"src/xusbps_intr_example.o" -o "src/xusbps_intr_example.o" "../src/xusbps_intr_example.c"
'Finished building: ../src/xusbps_intr_example.c'
' '
'Building target: USB_example2.elf'
'Invoking: ARM v7 gcc linker'
arm-none-eabi-gcc -mcpu=cortex-a9 -mfpu=vfpv3 -mfloat-abi=hard -Wl,-build-id=none -specs=Xilinx.spec -Wl,-T -Wl,../src/lscript.ld -L../../USB_example_bsp/ps7_cortexa9_0/lib -o "USB_example2.elf"  ./src/platform.o ./src/xusbps_ch9.o ./src/xusbps_ch9_winusb.o ./src/xusbps_class_winusb.o ./src/xusbps_intr_example.o   -Wl,--start-group,-lxil,-lgcc,-lc,--end-group
'Finished building target: USB_example2.elf'
' '
'Invoking: ARM v7 Print Size'
arm-none-eabi-size USB_example2.elf  |tee "USB_example2.elf.size"
   text	   data	    bss	    dec	    hex	filename
  50528	   3800	1139072	1193400	 1235b8	USB_example2.elf
'Finished building: USB_example2.elf.size'
' '
16:50:57 **** Clean-only build of configuration Debug for project USB_example2 ****
make clean 
rm -rf  ./src/platform.o ./src/xusbps_ch9.o ./src/xusbps_ch9_winusb.o ./src/xusbps_class_winusb.o ./src/xusbps_intr_example.o  ./src/platform.d ./src/xusbps_ch9.d ./src/xusbps_ch9_winusb.d ./src/xusbps_class_winusb.d ./src/xusbps_intr_example.d  USB_example2.elf.size  USB_example2.elf
' '
16:50:58 **** Auto Build of configuration Debug for project USB_example2 ****
make pre-build main-build 
..\GUID.bat && a9-linaro-pre-build-step
Generating Guid HEX
Reading GUID from "D:\WorkingDirectory\Ottawa_workingDir\Misc\Winusb\Winusb.sdk\USB_example2\/src/GUID.txt" 

Writing to "D:\WorkingDirectory\Ottawa_workingDir\Misc\Winusb\Winusb.sdk\USB_example2\/src/GUID.h" 


GUID: {5D087431-5725-4673-83A0-4394EC2F0EEB} 

GUID is valid
' '
'Building file: ../src/main.c'
'Invoking: ARM v7 gcc compiler'
arm-none-eabi-gcc -Wall -O0 -g3 -c -fmessage-length=0 -MT"src/main.o" -mcpu=cortex-a9 -mfpu=vfpv3 -mfloat-abi=hard -I../../USB_example_bsp/ps7_cortexa9_0/include -MMD -MP -MF"src/main.d" -MT"src/main.o" -o "src/main.o" "../src/main.c"
'Finished building: ../src/main.c'
' '
'Building file: ../src/platform.c'
'Invoking: ARM v7 gcc compiler'
arm-none-eabi-gcc -Wall -O0 -g3 -c -fmessage-length=0 -MT"src/platform.o" -mcpu=cortex-a9 -mfpu=vfpv3 -mfloat-abi=hard -I../../USB_example_bsp/ps7_cortexa9_0/include -MMD -MP -MF"src/platform.d" -MT"src/platform.o" -o "src/platform.o" "../src/platform.c"
'Finished building: ../src/platform.c'
' '
'Building file: ../src/xusbps_ch9.c'
'Invoking: ARM v7 gcc compiler'
arm-none-eabi-gcc -Wall -O0 -g3 -c -fmessage-length=0 -MT"src/xusbps_ch9.o" -mcpu=cortex-a9 -mfpu=vfpv3 -mfloat-abi=hard -I../../USB_example_bsp/ps7_cortexa9_0/include -MMD -MP -MF"src/xusbps_ch9.d" -MT"src/xusbps_ch9.o" -o "src/xusbps_ch9.o" "../src/xusbps_ch9.c"
'Finished building: ../src/xusbps_ch9.c'
' '
'Building file: ../src/xusbps_ch9_winusb.c'
'Invoking: ARM v7 gcc compiler'
arm-none-eabi-gcc -Wall -O0 -g3 -c -fmessage-length=0 -MT"src/xusbps_ch9_winusb.o" -mcpu=cortex-a9 -mfpu=vfpv3 -mfloat-abi=hard -I../../USB_example_bsp/ps7_cortexa9_0/include -MMD -MP -MF"src/xusbps_ch9_winusb.d" -MT"src/xusbps_ch9_winusb.o" -o "src/xusbps_ch9_winusb.o" "../src/xusbps_ch9_winusb.c"
'Finished building: ../src/xusbps_ch9_winusb.c'
' '
'Building file: ../src/xusbps_class_winusb.c'
'Invoking: ARM v7 gcc compiler'
arm-none-eabi-gcc -Wall -O0 -g3 -c -fmessage-length=0 -MT"src/xusbps_class_winusb.o" -mcpu=cortex-a9 -mfpu=vfpv3 -mfloat-abi=hard -I../../USB_example_bsp/ps7_cortexa9_0/include -MMD -MP -MF"src/xusbps_class_winusb.d" -MT"src/xusbps_class_winusb.o" -o "src/xusbps_class_winusb.o" "../src/xusbps_class_winusb.c"
'Finished building: ../src/xusbps_class_winusb.c'
' '
'Building target: USB_example2.elf'
'Invoking: ARM v7 gcc linker'
arm-none-eabi-gcc -mcpu=cortex-a9 -mfpu=vfpv3 -mfloat-abi=hard -Wl,-build-id=none -specs=Xilinx.spec -Wl,-T -Wl,../src/lscript.ld -L../../USB_example_bsp/ps7_cortexa9_0/lib -o "USB_example2.elf"  ./src/main.o ./src/platform.o ./src/xusbps_ch9.o ./src/xusbps_ch9_winusb.o ./src/xusbps_class_winusb.o   -Wl,--start-group,-lxil,-lgcc,-lc,--end-group
'Finished building target: USB_example2.elf'
' '
'Invoking: ARM v7 Print Size'
arm-none-eabi-size USB_example2.elf  |tee "USB_example2.elf.size"
   text	   data	    bss	    dec	    hex	filename
  50520	   3800	1139072	1193392	 1235b0	USB_example2.elf
'Finished building: USB_example2.elf.size'
' '
17:03:10 **** Auto Build of configuration Debug for project USB_example2 ****
make pre-build main-build 
..\GUID.bat && a9-linaro-pre-build-step
Generating Guid HEX
Reading GUID from "D:\WorkingDirectory\Ottawa_workingDir\Misc\Winusb\Winusb.sdk\USB_example2\/src/GUID.txt" 

Writing to "D:\WorkingDirectory\Ottawa_workingDir\Misc\Winusb\Winusb.sdk\USB_example2\/src/GUID.h" 


GUID: {5D087431-5725-4673-83A0-4394EC2F0EEB} 

GUID is valid
' '
'Building file: ../src/xusbps_cdc_buffer.c'
'Invoking: ARM v7 gcc compiler'
arm-none-eabi-gcc -Wall -O0 -g3 -c -fmessage-length=0 -MT"src/xusbps_cdc_buffer.o" -mcpu=cortex-a9 -mfpu=vfpv3 -mfloat-abi=hard -I../../USB_example_bsp/ps7_cortexa9_0/include -MMD -MP -MF"src/xusbps_cdc_buffer.d" -MT"src/xusbps_cdc_buffer.o" -o "src/xusbps_cdc_buffer.o" "../src/xusbps_cdc_buffer.c"
'Finished building: ../src/xusbps_cdc_buffer.c'
' '
'Building file: ../src/xusbps_ch9_winusb.c'
'Invoking: ARM v7 gcc compiler'
arm-none-eabi-gcc -Wall -O0 -g3 -c -fmessage-length=0 -MT"src/xusbps_ch9_winusb.o" -mcpu=cortex-a9 -mfpu=vfpv3 -mfloat-abi=hard -I../../USB_example_bsp/ps7_cortexa9_0/include -MMD -MP -MF"src/xusbps_ch9_winusb.d" -MT"src/xusbps_ch9_winusb.o" -o "src/xusbps_ch9_winusb.o" "../src/xusbps_ch9_winusb.c"
'Finished building: ../src/xusbps_ch9_winusb.c'
' '
'Building target: USB_example2.elf'
'Invoking: ARM v7 gcc linker'
arm-none-eabi-gcc -mcpu=cortex-a9 -mfpu=vfpv3 -mfloat-abi=hard -Wl,-build-id=none -specs=Xilinx.spec -Wl,-T -Wl,../src/lscript.ld -L../../USB_example_bsp/ps7_cortexa9_0/lib -o "USB_example2.elf"  ./src/main.o ./src/platform.o ./src/xusbps_cdc_buffer.o ./src/xusbps_ch9.o ./src/xusbps_ch9_winusb.o ./src/xusbps_class_winusb.o   -Wl,--start-group,-lxil,-lgcc,-lc,--end-group
'Finished building target: USB_example2.elf'
' '
'Invoking: ARM v7 Print Size'
arm-none-eabi-size USB_example2.elf  |tee "USB_example2.elf.size"
   text	   data	    bss	    dec	    hex	filename
  51992	   3800	1139072	1194864	 123b70	USB_example2.elf
'Finished building: USB_example2.elf.size'
' '
17:03:18 **** Clean-only build of configuration Debug for project USB_example2 ****
make clean 
rm -rf  ./src/main.o ./src/platform.o ./src/xusbps_cdc_buffer.o ./src/xusbps_ch9.o ./src/xusbps_ch9_winusb.o ./src/xusbps_class_winusb.o  ./src/main.d ./src/platform.d ./src/xusbps_cdc_buffer.d ./src/xusbps_ch9.d ./src/xusbps_ch9_winusb.d ./src/xusbps_class_winusb.d  USB_example2.elf.size  USB_example2.elf
' '
17:03:18 **** Auto Build of configuration Debug for project USB_example2 ****
make pre-build main-build 
..\GUID.bat && a9-linaro-pre-build-step
Generating Guid HEX
Reading GUID from "D:\WorkingDirectory\Ottawa_workingDir\Misc\Winusb\Winusb.sdk\USB_example2\/src/GUID.txt" 

Writing to "D:\WorkingDirectory\Ottawa_workingDir\Misc\Winusb\Winusb.sdk\USB_example2\/src/GUID.h" 


GUID: {5D087431-5725-4673-83A0-4394EC2F0EEB} 

GUID is valid
' '
'Building file: ../src/main.c'
'Invoking: ARM v7 gcc compiler'
arm-none-eabi-gcc -Wall -O0 -g3 -c -fmessage-length=0 -MT"src/main.o" -mcpu=cortex-a9 -mfpu=vfpv3 -mfloat-abi=hard -I../../USB_example_bsp/ps7_cortexa9_0/include -MMD -MP -MF"src/main.d" -MT"src/main.o" -o "src/main.o" "../src/main.c"
'Finished building: ../src/main.c'
' '
'Building file: ../src/platform.c'
'Invoking: ARM v7 gcc compiler'
arm-none-eabi-gcc -Wall -O0 -g3 -c -fmessage-length=0 -MT"src/platform.o" -mcpu=cortex-a9 -mfpu=vfpv3 -mfloat-abi=hard -I../../USB_example_bsp/ps7_cortexa9_0/include -MMD -MP -MF"src/platform.d" -MT"src/platform.o" -o "src/platform.o" "../src/platform.c"
'Finished building: ../src/platform.c'
' '
'Building file: ../src/xusbps_Ringbuffer.c'
'Invoking: ARM v7 gcc compiler'
arm-none-eabi-gcc -Wall -O0 -g3 -c -fmessage-length=0 -MT"src/xusbps_Ringbuffer.o" -mcpu=cortex-a9 -mfpu=vfpv3 -mfloat-abi=hard -I../../USB_example_bsp/ps7_cortexa9_0/include -MMD -MP -MF"src/xusbps_Ringbuffer.d" -MT"src/xusbps_Ringbuffer.o" -o "src/xusbps_Ringbuffer.o" "../src/xusbps_Ringbuffer.c"
'Finished building: ../src/xusbps_Ringbuffer.c'
' '
'Building file: ../src/xusbps_ch9.c'
'Invoking: ARM v7 gcc compiler'
arm-none-eabi-gcc -Wall -O0 -g3 -c -fmessage-length=0 -MT"src/xusbps_ch9.o" -mcpu=cortex-a9 -mfpu=vfpv3 -mfloat-abi=hard -I../../USB_example_bsp/ps7_cortexa9_0/include -MMD -MP -MF"src/xusbps_ch9.d" -MT"src/xusbps_ch9.o" -o "src/xusbps_ch9.o" "../src/xusbps_ch9.c"
'Finished building: ../src/xusbps_ch9.c'
' '
'Building file: ../src/xusbps_ch9_winusb.c'
'Invoking: ARM v7 gcc compiler'
arm-none-eabi-gcc -Wall -O0 -g3 -c -fmessage-length=0 -MT"src/xusbps_ch9_winusb.o" -mcpu=cortex-a9 -mfpu=vfpv3 -mfloat-abi=hard -I../../USB_example_bsp/ps7_cortexa9_0/include -MMD -MP -MF"src/xusbps_ch9_winusb.d" -MT"src/xusbps_ch9_winusb.o" -o "src/xusbps_ch9_winusb.o" "../src/xusbps_ch9_winusb.c"
'Finished building: ../src/xusbps_ch9_winusb.c'
' '
'Building file: ../src/xusbps_class_winusb.c'
'Invoking: ARM v7 gcc compiler'
arm-none-eabi-gcc -Wall -O0 -g3 -c -fmessage-length=0 -MT"src/xusbps_class_winusb.o" -mcpu=cortex-a9 -mfpu=vfpv3 -mfloat-abi=hard -I../../USB_example_bsp/ps7_cortexa9_0/include -MMD -MP -MF"src/xusbps_class_winusb.d" -MT"src/xusbps_class_winusb.o" -o "src/xusbps_class_winusb.o" "../src/xusbps_class_winusb.c"
'Finished building: ../src/xusbps_class_winusb.c'
' '
'Building target: USB_example2.elf'
'Invoking: ARM v7 gcc linker'
arm-none-eabi-gcc -mcpu=cortex-a9 -mfpu=vfpv3 -mfloat-abi=hard -Wl,-build-id=none -specs=Xilinx.spec -Wl,-T -Wl,../src/lscript.ld -L../../USB_example_bsp/ps7_cortexa9_0/lib -o "USB_example2.elf"  ./src/main.o ./src/platform.o ./src/xusbps_Ringbuffer.o ./src/xusbps_ch9.o ./src/xusbps_ch9_winusb.o ./src/xusbps_class_winusb.o   -Wl,--start-group,-lxil,-lgcc,-lc,--end-group
'Finished building target: USB_example2.elf'
' '
'Invoking: ARM v7 Print Size'
arm-none-eabi-size USB_example2.elf  |tee "USB_example2.elf.size"
   text	   data	    bss	    dec	    hex	filename
  51992	   3800	1139072	1194864	 123b70	USB_example2.elf
'Finished building: USB_example2.elf.size'
' '
17:04:28 **** Clean-only build of configuration Debug for project USB_example2 ****
make clean 
rm -rf  ./src/main.o ./src/platform.o ./src/xusbps_Ringbuffer.o ./src/xusbps_ch9.o ./src/xusbps_ch9_winusb.o ./src/xusbps_class_winusb.o  ./src/main.d ./src/platform.d ./src/xusbps_Ringbuffer.d ./src/xusbps_ch9.d ./src/xusbps_ch9_winusb.d ./src/xusbps_class_winusb.d  USB_example2.elf.size  USB_example2.elf
' '
17:04:28 **** Auto Build of configuration Debug for project USB_example2 ****
make pre-build main-build 
..\GUID.bat && a9-linaro-pre-build-step
Generating Guid HEX
Reading GUID from "D:\WorkingDirectory\Ottawa_workingDir\Misc\Winusb\Winusb.sdk\USB_example2\/src/GUID.txt" 

Writing to "D:\WorkingDirectory\Ottawa_workingDir\Misc\Winusb\Winusb.sdk\USB_example2\/src/GUID.h" 


GUID: {5D087431-5725-4673-83A0-4394EC2F0EEB} 

GUID is valid
' '
'Building file: ../src/main.c'
'Invoking: ARM v7 gcc compiler'
arm-none-eabi-gcc -Wall -O0 -g3 -c -fmessage-length=0 -MT"src/main.o" -mcpu=cortex-a9 -mfpu=vfpv3 -mfloat-abi=hard -I../../USB_example_bsp/ps7_cortexa9_0/include -MMD -MP -MF"src/main.d" -MT"src/main.o" -o "src/main.o" "../src/main.c"
'Finished building: ../src/main.c'
' '
'Building file: ../src/platform.c'
'Invoking: ARM v7 gcc compiler'
arm-none-eabi-gcc -Wall -O0 -g3 -c -fmessage-length=0 -MT"src/platform.o" -mcpu=cortex-a9 -mfpu=vfpv3 -mfloat-abi=hard -I../../USB_example_bsp/ps7_cortexa9_0/include -MMD -MP -MF"src/platform.d" -MT"src/platform.o" -o "src/platform.o" "../src/platform.c"
'Finished building: ../src/platform.c'
' '
'Building file: ../src/xusbps_Ringbuffer.c'
'Invoking: ARM v7 gcc compiler'
arm-none-eabi-gcc -Wall -O0 -g3 -c -fmessage-length=0 -MT"src/xusbps_Ringbuffer.o" -mcpu=cortex-a9 -mfpu=vfpv3 -mfloat-abi=hard -I../../USB_example_bsp/ps7_cortexa9_0/include -MMD -MP -MF"src/xusbps_Ringbuffer.d" -MT"src/xusbps_Ringbuffer.o" -o "src/xusbps_Ringbuffer.o" "../src/xusbps_Ringbuffer.c"
'Finished building: ../src/xusbps_Ringbuffer.c'
' '
'Building file: ../src/xusbps_ch9.c'
'Invoking: ARM v7 gcc compiler'
arm-none-eabi-gcc -Wall -O0 -g3 -c -fmessage-length=0 -MT"src/xusbps_ch9.o" -mcpu=cortex-a9 -mfpu=vfpv3 -mfloat-abi=hard -I../../USB_example_bsp/ps7_cortexa9_0/include -MMD -MP -MF"src/xusbps_ch9.d" -MT"src/xusbps_ch9.o" -o "src/xusbps_ch9.o" "../src/xusbps_ch9.c"
'Finished building: ../src/xusbps_ch9.c'
' '
'Building file: ../src/xusbps_ch9_winusb.c'
'Invoking: ARM v7 gcc compiler'
arm-none-eabi-gcc -Wall -O0 -g3 -c -fmessage-length=0 -MT"src/xusbps_ch9_winusb.o" -mcpu=cortex-a9 -mfpu=vfpv3 -mfloat-abi=hard -I../../USB_example_bsp/ps7_cortexa9_0/include -MMD -MP -MF"src/xusbps_ch9_winusb.d" -MT"src/xusbps_ch9_winusb.o" -o "src/xusbps_ch9_winusb.o" "../src/xusbps_ch9_winusb.c"
'Finished building: ../src/xusbps_ch9_winusb.c'
' '
'Building file: ../src/xusbps_class_winusb.c'
'Invoking: ARM v7 gcc compiler'
arm-none-eabi-gcc -Wall -O0 -g3 -c -fmessage-length=0 -MT"src/xusbps_class_winusb.o" -mcpu=cortex-a9 -mfpu=vfpv3 -mfloat-abi=hard -I../../USB_example_bsp/ps7_cortexa9_0/include -MMD -MP -MF"src/xusbps_class_winusb.d" -MT"src/xusbps_class_winusb.o" -o "src/xusbps_class_winusb.o" "../src/xusbps_class_winusb.c"
'Finished building: ../src/xusbps_class_winusb.c'
' '
'Building target: USB_example2.elf'
'Invoking: ARM v7 gcc linker'
arm-none-eabi-gcc -mcpu=cortex-a9 -mfpu=vfpv3 -mfloat-abi=hard -Wl,-build-id=none -specs=Xilinx.spec -Wl,-T -Wl,../src/lscript.ld -L../../USB_example_bsp/ps7_cortexa9_0/lib -o "USB_example2.elf"  ./src/main.o ./src/platform.o ./src/xusbps_Ringbuffer.o ./src/xusbps_ch9.o ./src/xusbps_ch9_winusb.o ./src/xusbps_class_winusb.o   -Wl,--start-group,-lxil,-lgcc,-lc,--end-group
'Finished building target: USB_example2.elf'
' '
'Invoking: ARM v7 Print Size'
arm-none-eabi-size USB_example2.elf  |tee "USB_example2.elf.size"
   text	   data	    bss	    dec	    hex	filename
  51992	   3800	1139072	1194864	 123b70	USB_example2.elf
'Finished building: USB_example2.elf.size'
' '
17:05:14 **** Auto Build of configuration Debug for project USB_example2 ****
make pre-build main-build 
..\GUID.bat && a9-linaro-pre-build-step
Generating Guid HEX
Reading GUID from "D:\WorkingDirectory\Ottawa_workingDir\Misc\Winusb\Winusb.sdk\USB_example2\/src/GUID.txt" 

Writing to "D:\WorkingDirectory\Ottawa_workingDir\Misc\Winusb\Winusb.sdk\USB_example2\/src/GUID.h" 


GUID: {5D087431-5725-4673-83A0-4394EC2F0EEB} 

GUID is valid
' '
'Building file: ../src/xusbps_Ringbuffer.c'
'Invoking: ARM v7 gcc compiler'
arm-none-eabi-gcc -Wall -O0 -g3 -c -fmessage-length=0 -MT"src/xusbps_Ringbuffer.o" -mcpu=cortex-a9 -mfpu=vfpv3 -mfloat-abi=hard -I../../USB_example_bsp/ps7_cortexa9_0/include -MMD -MP -MF"src/xusbps_Ringbuffer.d" -MT"src/xusbps_Ringbuffer.o" -o "src/xusbps_Ringbuffer.o" "../src/xusbps_Ringbuffer.c"
../src/xusbps_Ringbuffer.c: In function 'xusb_cdc_buffer_init':
../src/xusbps_Ringbuffer.c:49:22: error: 'XUSB_CDC_BUFFER_INITIALIZED' undeclared (first use in this function); did you mean 'XUSB_RINGBUFFER_INITIALIZED'?
  rbuf->initialized = XUSB_CDC_BUFFER_INITIALIZED;
                      ^~~~~~~~~~~~~~~~~~~~~~~~~~~
                      XUSB_RINGBUFFER_INITIALIZED
../src/xusbps_Ringbuffer.c:49:22: note: each undeclared identifier is reported only once for each function it appears in
../src/xusbps_Ringbuffer.c: In function 'xusb_cdc_buffer_read':
../src/xusbps_Ringbuffer.c:63:27: error: 'XUSB_CDC_BUFFER_INITIALIZED' undeclared (first use in this function); did you mean 'XUSB_RINGBUFFER_INITIALIZED'?
  if (rbuf->initialized != XUSB_CDC_BUFFER_INITIALIZED) {
                           ^~~~~~~~~~~~~~~~~~~~~~~~~~~
                           XUSB_RINGBUFFER_INITIALIZED
../src/xusbps_Ringbuffer.c:68:20: warning: implicit declaration of function 'xusb_cdc_buffer_available_bytes'; did you mean 'xusb_Ringbuffer_available_bytes'? [-Wimplicit-function-declaration]
  available_bytes = xusb_cdc_buffer_available_bytes(rbuf);
                    ^~~~~~~~~~~~~~~~~~~~~~~~~~~~~~~
                    xusb_Ringbuffer_available_bytes
../src/xusbps_Ringbuffer.c: In function 'xusb_cdc_buffer_write':
../src/xusbps_Ringbuffer.c:115:27: error: 'XUSB_CDC_BUFFER_INITIALIZED' undeclared (first use in this function); did you mean 'XUSB_RINGBUFFER_INITIALIZED'?
  if (rbuf->initialized != XUSB_CDC_BUFFER_INITIALIZED) {
                           ^~~~~~~~~~~~~~~~~~~~~~~~~~~
                           XUSB_RINGBUFFER_INITIALIZED
../src/xusbps_Ringbuffer.c:120:20: warning: implicit declaration of function 'xusb_cdc_buffer_available_space'; did you mean 'xusb_Ringbuffer_available_space'? [-Wimplicit-function-declaration]
  available_bytes = xusb_cdc_buffer_available_space(rbuf);
                    ^~~~~~~~~~~~~~~~~~~~~~~~~~~~~~~
                    xusb_Ringbuffer_available_space
../src/xusbps_Ringbuffer.c: In function 'xusb_cdc_buffer_available_bytes':
../src/xusbps_Ringbuffer.c:159:27: error: 'XUSB_CDC_BUFFER_INITIALIZED' undeclared (first use in this function); did you mean 'XUSB_RINGBUFFER_INITIALIZED'?
  if (rbuf->initialized != XUSB_CDC_BUFFER_INITIALIZED) {
                           ^~~~~~~~~~~~~~~~~~~~~~~~~~~
                           XUSB_RINGBUFFER_INITIALIZED
../src/xusbps_Ringbuffer.c: In function 'xusb_cdc_buffer_available_space':
../src/xusbps_Ringbuffer.c:177:27: error: 'XUSB_CDC_BUFFER_INITIALIZED' undeclared (first use in this function); did you mean 'XUSB_RINGBUFFER_INITIALIZED'?
  if (rbuf->initialized != XUSB_CDC_BUFFER_INITIALIZED) {
                           ^~~~~~~~~~~~~~~~~~~~~~~~~~~
                           XUSB_RINGBUFFER_INITIALIZED
make: *** [src/xusbps_Ringbuffer.o] Error 1
17:05:48 **** Auto Build of configuration Debug for project USB_example2 ****
make pre-build main-build 
..\GUID.bat && a9-linaro-pre-build-step
Generating Guid HEX
Reading GUID from "D:\WorkingDirectory\Ottawa_workingDir\Misc\Winusb\Winusb.sdk\USB_example2\/src/GUID.txt" 

Writing to "D:\WorkingDirectory\Ottawa_workingDir\Misc\Winusb\Winusb.sdk\USB_example2\/src/GUID.h" 


GUID: {5D087431-5725-4673-83A0-4394EC2F0EEB} 

GUID is valid
' '
'Building file: ../src/xusbps_Ringbuffer.c'
'Invoking: ARM v7 gcc compiler'
arm-none-eabi-gcc -Wall -O0 -g3 -c -fmessage-length=0 -MT"src/xusbps_Ringbuffer.o" -mcpu=cortex-a9 -mfpu=vfpv3 -mfloat-abi=hard -I../../USB_example_bsp/ps7_cortexa9_0/include -MMD -MP -MF"src/xusbps_Ringbuffer.d" -MT"src/xusbps_Ringbuffer.o" -o "src/xusbps_Ringbuffer.o" "../src/xusbps_Ringbuffer.c"
'Finished building: ../src/xusbps_Ringbuffer.c'
' '
'Building file: ../src/xusbps_ch9_winusb.c'
'Invoking: ARM v7 gcc compiler'
arm-none-eabi-gcc -Wall -O0 -g3 -c -fmessage-length=0 -MT"src/xusbps_ch9_winusb.o" -mcpu=cortex-a9 -mfpu=vfpv3 -mfloat-abi=hard -I../../USB_example_bsp/ps7_cortexa9_0/include -MMD -MP -MF"src/xusbps_ch9_winusb.d" -MT"src/xusbps_ch9_winusb.o" -o "src/xusbps_ch9_winusb.o" "../src/xusbps_ch9_winusb.c"
'Finished building: ../src/xusbps_ch9_winusb.c'
' '
'Building target: USB_example2.elf'
'Invoking: ARM v7 gcc linker'
arm-none-eabi-gcc -mcpu=cortex-a9 -mfpu=vfpv3 -mfloat-abi=hard -Wl,-build-id=none -specs=Xilinx.spec -Wl,-T -Wl,../src/lscript.ld -L../../USB_example_bsp/ps7_cortexa9_0/lib -o "USB_example2.elf"  ./src/main.o ./src/platform.o ./src/xusbps_Ringbuffer.o ./src/xusbps_ch9.o ./src/xusbps_ch9_winusb.o ./src/xusbps_class_winusb.o   -Wl,--start-group,-lxil,-lgcc,-lc,--end-group
'Finished building target: USB_example2.elf'
' '
'Invoking: ARM v7 Print Size'
arm-none-eabi-size USB_example2.elf  |tee "USB_example2.elf.size"
   text	   data	    bss	    dec	    hex	filename
  51992	   3800	1139072	1194864	 123b70	USB_example2.elf
'Finished building: USB_example2.elf.size'
' '
17:07:43 **** Auto Build of configuration Debug for project USB_example2 ****
make pre-build main-build 
..\GUID.bat && a9-linaro-pre-build-step
Generating Guid HEX
Reading GUID from "D:\WorkingDirectory\Ottawa_workingDir\Misc\Winusb\Winusb.sdk\USB_example2\/src/GUID.txt" 

Writing to "D:\WorkingDirectory\Ottawa_workingDir\Misc\Winusb\Winusb.sdk\USB_example2\/src/GUID.h" 


GUID: {5D087431-5725-4673-83A0-4394EC2F0EEB} 

GUID is valid
' '
'Building file: ../src/xusbps_cdc.c'
'Invoking: ARM v7 gcc compiler'
arm-none-eabi-gcc -Wall -O0 -g3 -c -fmessage-length=0 -MT"src/xusbps_cdc.o" -mcpu=cortex-a9 -mfpu=vfpv3 -mfloat-abi=hard -I../../USB_example_bsp/ps7_cortexa9_0/include -MMD -MP -MF"src/xusbps_cdc.d" -MT"src/xusbps_cdc.o" -o "src/xusbps_cdc.o" "../src/xusbps_cdc.c"
../src/xusbps_cdc.c:35:10: fatal error: xusbps_cdc_ch9.h: No such file or directory
 #include "xusbps_cdc_ch9.h"
          ^~~~~~~~~~~~~~~~~~
compilation terminated.
make: *** [src/xusbps_cdc.o] Error 1
17:07:57 **** Clean-only build of configuration Debug for project USB_example2 ****
make clean 
rm -rf  ./src/main.o ./src/platform.o ./src/xusbps_Ringbuffer.o ./src/xusbps_cdc.o ./src/xusbps_ch9.o ./src/xusbps_ch9_winusb.o ./src/xusbps_class_winusb.o  ./src/main.d ./src/platform.d ./src/xusbps_Ringbuffer.d ./src/xusbps_cdc.d ./src/xusbps_ch9.d ./src/xusbps_ch9_winusb.d ./src/xusbps_class_winusb.d  USB_example2.elf.size  USB_example2.elf
' '
17:07:58 **** Auto Build of configuration Debug for project USB_example2 ****
make pre-build main-build 
..\GUID.bat && a9-linaro-pre-build-step
Generating Guid HEX
Reading GUID from "D:\WorkingDirectory\Ottawa_workingDir\Misc\Winusb\Winusb.sdk\USB_example2\/src/GUID.txt" 

Writing to "D:\WorkingDirectory\Ottawa_workingDir\Misc\Winusb\Winusb.sdk\USB_example2\/src/GUID.h" 


GUID: {5D087431-5725-4673-83A0-4394EC2F0EEB} 

GUID is valid
' '
'Building file: ../src/main.c'
'Invoking: ARM v7 gcc compiler'
arm-none-eabi-gcc -Wall -O0 -g3 -c -fmessage-length=0 -MT"src/main.o" -mcpu=cortex-a9 -mfpu=vfpv3 -mfloat-abi=hard -I../../USB_example_bsp/ps7_cortexa9_0/include -MMD -MP -MF"src/main.d" -MT"src/main.o" -o "src/main.o" "../src/main.c"
'Finished building: ../src/main.c'
' '
'Building file: ../src/platform.c'
'Invoking: ARM v7 gcc compiler'
arm-none-eabi-gcc -Wall -O0 -g3 -c -fmessage-length=0 -MT"src/platform.o" -mcpu=cortex-a9 -mfpu=vfpv3 -mfloat-abi=hard -I../../USB_example_bsp/ps7_cortexa9_0/include -MMD -MP -MF"src/platform.d" -MT"src/platform.o" -o "src/platform.o" "../src/platform.c"
'Finished building: ../src/platform.c'
' '
'Building file: ../src/xusbps_COMMS.c'
'Invoking: ARM v7 gcc compiler'
arm-none-eabi-gcc -Wall -O0 -g3 -c -fmessage-length=0 -MT"src/xusbps_COMMS.o" -mcpu=cortex-a9 -mfpu=vfpv3 -mfloat-abi=hard -I../../USB_example_bsp/ps7_cortexa9_0/include -MMD -MP -MF"src/xusbps_COMMS.d" -MT"src/xusbps_COMMS.o" -o "src/xusbps_COMMS.o" "../src/xusbps_COMMS.c"
../src/xusbps_COMMS.c:35:10: fatal error: xusbps_cdc_ch9.h: No such file or directory
 #include "xusbps_cdc_ch9.h"
          ^~~~~~~~~~~~~~~~~~
compilation terminated.
make: *** [src/xusbps_COMMS.o] Error 1
17:08:03 **** Clean-only build of configuration Debug for project USB_example2 ****
make clean 
rm -rf  ./src/main.o ./src/platform.o ./src/xusbps_COMMS.o ./src/xusbps_Ringbuffer.o ./src/xusbps_ch9.o ./src/xusbps_ch9_winusb.o ./src/xusbps_class_winusb.o  ./src/main.d ./src/platform.d ./src/xusbps_COMMS.d ./src/xusbps_Ringbuffer.d ./src/xusbps_ch9.d ./src/xusbps_ch9_winusb.d ./src/xusbps_class_winusb.d  USB_example2.elf.size  USB_example2.elf
' '
17:08:04 **** Auto Build of configuration Debug for project USB_example2 ****
make pre-build main-build 
..\GUID.bat && a9-linaro-pre-build-step
Generating Guid HEX
Reading GUID from "D:\WorkingDirectory\Ottawa_workingDir\Misc\Winusb\Winusb.sdk\USB_example2\/src/GUID.txt" 

Writing to "D:\WorkingDirectory\Ottawa_workingDir\Misc\Winusb\Winusb.sdk\USB_example2\/src/GUID.h" 


GUID: {5D087431-5725-4673-83A0-4394EC2F0EEB} 

GUID is valid
' '
'Building file: ../src/main.c'
'Invoking: ARM v7 gcc compiler'
arm-none-eabi-gcc -Wall -O0 -g3 -c -fmessage-length=0 -MT"src/main.o" -mcpu=cortex-a9 -mfpu=vfpv3 -mfloat-abi=hard -I../../USB_example_bsp/ps7_cortexa9_0/include -MMD -MP -MF"src/main.d" -MT"src/main.o" -o "src/main.o" "../src/main.c"
'Finished building: ../src/main.c'
' '
'Building file: ../src/platform.c'
'Invoking: ARM v7 gcc compiler'
arm-none-eabi-gcc -Wall -O0 -g3 -c -fmessage-length=0 -MT"src/platform.o" -mcpu=cortex-a9 -mfpu=vfpv3 -mfloat-abi=hard -I../../USB_example_bsp/ps7_cortexa9_0/include -MMD -MP -MF"src/platform.d" -MT"src/platform.o" -o "src/platform.o" "../src/platform.c"
'Finished building: ../src/platform.c'
' '
'Building file: ../src/xusbps_COMMS.c'
'Invoking: ARM v7 gcc compiler'
arm-none-eabi-gcc -Wall -O0 -g3 -c -fmessage-length=0 -MT"src/xusbps_COMMS.o" -mcpu=cortex-a9 -mfpu=vfpv3 -mfloat-abi=hard -I../../USB_example_bsp/ps7_cortexa9_0/include -MMD -MP -MF"src/xusbps_COMMS.d" -MT"src/xusbps_COMMS.o" -o "src/xusbps_COMMS.o" "../src/xusbps_COMMS.c"
../src/xusbps_COMMS.c:36:10: fatal error: xusbps_cdc_ch9.h: No such file or directory
 #include "xusbps_cdc_ch9.h"
          ^~~~~~~~~~~~~~~~~~
compilation terminated.
make: *** [src/xusbps_COMMS.o] Error 1
17:11:30 **** Auto Build of configuration Debug for project USB_example2 ****
make pre-build main-build 
..\GUID.bat && a9-linaro-pre-build-step
Generating Guid HEX
Reading GUID from "D:\WorkingDirectory\Ottawa_workingDir\Misc\Winusb\Winusb.sdk\USB_example2\/src/GUID.txt" 

Writing to "D:\WorkingDirectory\Ottawa_workingDir\Misc\Winusb\Winusb.sdk\USB_example2\/src/GUID.h" 


GUID: {5D087431-5725-4673-83A0-4394EC2F0EEB} 

GUID is valid
' '
'Building file: ../src/xusbps_COMMS.c'
'Invoking: ARM v7 gcc compiler'
arm-none-eabi-gcc -Wall -O0 -g3 -c -fmessage-length=0 -MT"src/xusbps_COMMS.o" -mcpu=cortex-a9 -mfpu=vfpv3 -mfloat-abi=hard -I../../USB_example_bsp/ps7_cortexa9_0/include -MMD -MP -MF"src/xusbps_COMMS.d" -MT"src/xusbps_COMMS.o" -o "src/xusbps_COMMS.o" "../src/xusbps_COMMS.c"
../src/xusbps_COMMS.c:36:10: fatal error: xusbps_cdc_ch9.h: No such file or directory
 #include "xusbps_cdc_ch9.h"
          ^~~~~~~~~~~~~~~~~~
compilation terminated.
make: *** [src/xusbps_COMMS.o] Error 1
17:11:37 **** Auto Build of configuration Debug for project USB_example2 ****
make pre-build main-build 
..\GUID.bat && a9-linaro-pre-build-step
Generating Guid HEX
Reading GUID from "D:\WorkingDirectory\Ottawa_workingDir\Misc\Winusb\Winusb.sdk\USB_example2\/src/GUID.txt" 

Writing to "D:\WorkingDirectory\Ottawa_workingDir\Misc\Winusb\Winusb.sdk\USB_example2\/src/GUID.h" 


GUID: {5D087431-5725-4673-83A0-4394EC2F0EEB} 

GUID is valid
' '
'Building file: ../src/xusbps_COMMS.c'
'Invoking: ARM v7 gcc compiler'
arm-none-eabi-gcc -Wall -O0 -g3 -c -fmessage-length=0 -MT"src/xusbps_COMMS.o" -mcpu=cortex-a9 -mfpu=vfpv3 -mfloat-abi=hard -I../../USB_example_bsp/ps7_cortexa9_0/include -MMD -MP -MF"src/xusbps_COMMS.d" -MT"src/xusbps_COMMS.o" -o "src/xusbps_COMMS.o" "../src/xusbps_COMMS.c"
../src/xusbps_COMMS.c:36:10: fatal error: xusbps_cdc_ch9.h: No such file or directory
 #include "xusbps_cdc_ch9.h"
          ^~~~~~~~~~~~~~~~~~
compilation terminated.
make: *** [src/xusbps_COMMS.o] Error 1
17:11:41 **** Auto Build of configuration Debug for project USB_example2 ****
make pre-build main-build 
..\GUID.bat && a9-linaro-pre-build-step
Generating Guid HEX
Reading GUID from "D:\WorkingDirectory\Ottawa_workingDir\Misc\Winusb\Winusb.sdk\USB_example2\/src/GUID.txt" 

Writing to "D:\WorkingDirectory\Ottawa_workingDir\Misc\Winusb\Winusb.sdk\USB_example2\/src/GUID.h" 


GUID: {5D087431-5725-4673-83A0-4394EC2F0EEB} 

GUID is valid
' '
'Building file: ../src/xusbps_COMMS.c'
'Invoking: ARM v7 gcc compiler'
arm-none-eabi-gcc -Wall -O0 -g3 -c -fmessage-length=0 -MT"src/xusbps_COMMS.o" -mcpu=cortex-a9 -mfpu=vfpv3 -mfloat-abi=hard -I../../USB_example_bsp/ps7_cortexa9_0/include -MMD -MP -MF"src/xusbps_COMMS.d" -MT"src/xusbps_COMMS.o" -o "src/xusbps_COMMS.o" "../src/xusbps_COMMS.c"
../src/xusbps_COMMS.c:36:10: fatal error: xusbps_cdc_ch9.h: No such file or directory
 #include "xusbps_cdc_ch9.h"
          ^~~~~~~~~~~~~~~~~~
compilation terminated.
make: *** [src/xusbps_COMMS.o] Error 1
17:11:50 **** Auto Build of configuration Debug for project USB_example2 ****
make pre-build main-build 
..\GUID.bat && a9-linaro-pre-build-step
Generating Guid HEX
Reading GUID from "D:\WorkingDirectory\Ottawa_workingDir\Misc\Winusb\Winusb.sdk\USB_example2\/src/GUID.txt" 

Writing to "D:\WorkingDirectory\Ottawa_workingDir\Misc\Winusb\Winusb.sdk\USB_example2\/src/GUID.h" 


GUID: {5D087431-5725-4673-83A0-4394EC2F0EEB} 

GUID is valid
' '
'Building file: ../src/xusbps_COMMS.c'
'Invoking: ARM v7 gcc compiler'
arm-none-eabi-gcc -Wall -O0 -g3 -c -fmessage-length=0 -MT"src/xusbps_COMMS.o" -mcpu=cortex-a9 -mfpu=vfpv3 -mfloat-abi=hard -I../../USB_example_bsp/ps7_cortexa9_0/include -MMD -MP -MF"src/xusbps_COMMS.d" -MT"src/xusbps_COMMS.o" -o "src/xusbps_COMMS.o" "../src/xusbps_COMMS.c"
../src/xusbps_COMMS.c:36:10: fatal error: xusbps_cdc_ch9.h: No such file or directory
 #include "xusbps_cdc_ch9.h"
          ^~~~~~~~~~~~~~~~~~
compilation terminated.
make: *** [src/xusbps_COMMS.o] Error 1
17:12:53 **** Auto Build of configuration Debug for project USB_example2 ****
make pre-build main-build 
..\GUID.bat && a9-linaro-pre-build-step
Generating Guid HEX
Reading GUID from "D:\WorkingDirectory\Ottawa_workingDir\Misc\Winusb\Winusb.sdk\USB_example2\/src/GUID.txt" 

Writing to "D:\WorkingDirectory\Ottawa_workingDir\Misc\Winusb\Winusb.sdk\USB_example2\/src/GUID.h" 


GUID: {5D087431-5725-4673-83A0-4394EC2F0EEB} 

GUID is valid
' '
'Building file: ../src/xusbps_COMMS.c'
'Invoking: ARM v7 gcc compiler'
arm-none-eabi-gcc -Wall -O0 -g3 -c -fmessage-length=0 -MT"src/xusbps_COMMS.o" -mcpu=cortex-a9 -mfpu=vfpv3 -mfloat-abi=hard -I../../USB_example_bsp/ps7_cortexa9_0/include -MMD -MP -MF"src/xusbps_COMMS.d" -MT"src/xusbps_COMMS.o" -o "src/xusbps_COMMS.o" "../src/xusbps_COMMS.c"
../src/xusbps_COMMS.c:36:10: fatal error: xusbps_cdc_ch9.h: No such file or directory
 #include "xusbps_cdc_ch9.h"
          ^~~~~~~~~~~~~~~~~~
compilation terminated.
make: *** [src/xusbps_COMMS.o] Error 1
17:13:01 **** Auto Build of configuration Debug for project USB_example2 ****
make pre-build main-build 
..\GUID.bat && a9-linaro-pre-build-step
Generating Guid HEX
Reading GUID from "D:\WorkingDirectory\Ottawa_workingDir\Misc\Winusb\Winusb.sdk\USB_example2\/src/GUID.txt" 

Writing to "D:\WorkingDirectory\Ottawa_workingDir\Misc\Winusb\Winusb.sdk\USB_example2\/src/GUID.h" 


GUID: {5D087431-5725-4673-83A0-4394EC2F0EEB} 

GUID is valid
' '
'Building file: ../src/xusbps_COMMS.c'
'Invoking: ARM v7 gcc compiler'
arm-none-eabi-gcc -Wall -O0 -g3 -c -fmessage-length=0 -MT"src/xusbps_COMMS.o" -mcpu=cortex-a9 -mfpu=vfpv3 -mfloat-abi=hard -I../../USB_example_bsp/ps7_cortexa9_0/include -MMD -MP -MF"src/xusbps_COMMS.d" -MT"src/xusbps_COMMS.o" -o "src/xusbps_COMMS.o" "../src/xusbps_COMMS.c"
../src/xusbps_COMMS.c:36:10: fatal error: xusbps_cdc_ch9.h: No such file or directory
 #include "xusbps_cdc_ch9.h"
          ^~~~~~~~~~~~~~~~~~
compilation terminated.
make: *** [src/xusbps_COMMS.o] Error 1
17:14:47 **** Auto Build of configuration Debug for project USB_example2 ****
make pre-build main-build 
..\GUID.bat && a9-linaro-pre-build-step
Generating Guid HEX
Reading GUID from "D:\WorkingDirectory\Ottawa_workingDir\Misc\Winusb\Winusb.sdk\USB_example2\/src/GUID.txt" 

Writing to "D:\WorkingDirectory\Ottawa_workingDir\Misc\Winusb\Winusb.sdk\USB_example2\/src/GUID.h" 


GUID: {5D087431-5725-4673-83A0-4394EC2F0EEB} 

GUID is valid
' '
'Building file: ../src/xusbps_COMMS.c'
'Invoking: ARM v7 gcc compiler'
arm-none-eabi-gcc -Wall -O0 -g3 -c -fmessage-length=0 -MT"src/xusbps_COMMS.o" -mcpu=cortex-a9 -mfpu=vfpv3 -mfloat-abi=hard -I../../USB_example_bsp/ps7_cortexa9_0/include -MMD -MP -MF"src/xusbps_COMMS.d" -MT"src/xusbps_COMMS.o" -o "src/xusbps_COMMS.o" "../src/xusbps_COMMS.c"
../src/xusbps_COMMS.c:36:10: fatal error: xusbps_cdc_ch9.h: No such file or directory
 #include "xusbps_cdc_ch9.h"
          ^~~~~~~~~~~~~~~~~~
compilation terminated.
make: *** [src/xusbps_COMMS.o] Error 1
08:40:32 **** Auto Build of configuration Debug for project USB_example2 ****
make pre-build main-build 
..\GUID.bat && a9-linaro-pre-build-step
Generating Guid HEX
Reading GUID from "D:\WorkingDirectory\Ottawa_workingDir\Misc\Winusb\Winusb.sdk\USB_example2\/src/GUID.txt" 

Writing to "D:\WorkingDirectory\Ottawa_workingDir\Misc\Winusb\Winusb.sdk\USB_example2\/src/GUID.h" 


GUID: {5D087431-5725-4673-83A0-4394EC2F0EEB} 

GUID is valid
' '
'Building file: ../src/xusbps_COMMS.c'
'Invoking: ARM v7 gcc compiler'
arm-none-eabi-gcc -Wall -O0 -g3 -c -fmessage-length=0 -MT"src/xusbps_COMMS.o" -mcpu=cortex-a9 -mfpu=vfpv3 -mfloat-abi=hard -I../../USB_example_bsp/ps7_cortexa9_0/include -MMD -MP -MF"src/xusbps_COMMS.d" -MT"src/xusbps_COMMS.o" -o "src/xusbps_COMMS.o" "../src/xusbps_COMMS.c"
../src/xusbps_COMMS.c:37:10: fatal error: xusbps_ch9_cdc.h: No such file or directory
 #include "xusbps_ch9_cdc.h"
          ^~~~~~~~~~~~~~~~~~
compilation terminated.
make: *** [src/xusbps_COMMS.o] Error 1
08:40:39 **** Auto Build of configuration Debug for project USB_example2 ****
make pre-build main-build 
..\GUID.bat && a9-linaro-pre-build-step
Generating Guid HEX
Reading GUID from "D:\WorkingDirectory\Ottawa_workingDir\Misc\Winusb\Winusb.sdk\USB_example2\/src/GUID.txt" 

Writing to "D:\WorkingDirectory\Ottawa_workingDir\Misc\Winusb\Winusb.sdk\USB_example2\/src/GUID.h" 


GUID: {5D087431-5725-4673-83A0-4394EC2F0EEB} 

GUID is valid
' '
'Building file: ../src/xusbps_COMMS.c'
'Invoking: ARM v7 gcc compiler'
arm-none-eabi-gcc -Wall -O0 -g3 -c -fmessage-length=0 -MT"src/xusbps_COMMS.o" -mcpu=cortex-a9 -mfpu=vfpv3 -mfloat-abi=hard -I../../USB_example_bsp/ps7_cortexa9_0/include -MMD -MP -MF"src/xusbps_COMMS.d" -MT"src/xusbps_COMMS.o" -o "src/xusbps_COMMS.o" "../src/xusbps_COMMS.c"
../src/xusbps_COMMS.c: In function 'xusb_COMMS_init':
../src/xusbps_COMMS.c:74:37: error: 'UsbDeviceId' undeclared (first use in this function); did you mean 'usb_device_id'?
  UsbConfigPtr = XUsbPs_LookupConfig(UsbDeviceId);
                                     ^~~~~~~~~~~
                                     usb_device_id
../src/xusbps_COMMS.c:74:37: note: each undeclared identifier is reported only once for each function it appears in
../src/xusbps_COMMS.c:85:32: error: 'UsbInstancePtr' undeclared (first use in this function)
  Status = XUsbPs_CfgInitialize(UsbInstancePtr,
                                ^~~~~~~~~~~~~~
../src/xusbps_COMMS.c:94:11: warning: implicit declaration of function 'UsbSetupIntrSystem' [-Wimplicit-function-declaration]
  Status = UsbSetupIntrSystem(IntcInstancePtr,
           ^~~~~~~~~~~~~~~~~~
../src/xusbps_COMMS.c:94:30: error: 'IntcInstancePtr' undeclared (first use in this function); did you mean 'UsbInstancePtr'?
  Status = UsbSetupIntrSystem(IntcInstancePtr,
                              ^~~~~~~~~~~~~~~
                              UsbInstancePtr
../src/xusbps_COMMS.c:96:4: error: 'UsbIntrId' undeclared (first use in this function)
    UsbIntrId);
    ^~~~~~~~~
../src/xusbps_COMMS.c:149:18: error: 'Buffer' undeclared (first use in this function)
  MemPtr = (u8 *)&Buffer[0];
                  ^~~~~~
../src/xusbps_COMMS.c:150:18: error: 'MEMORY_SIZE' undeclared (first use in this function)
  memset(MemPtr,0,MEMORY_SIZE);
                  ^~~~~~~~~~~
../src/xusbps_COMMS.c:164:49: error: 'UsbIntrHandler' undeclared (first use in this function); did you mean 'XUsbPs_IntrHandler'?
  Status = XUsbPs_IntrSetHandler(UsbInstancePtr, UsbIntrHandler, NULL,
                                                 ^~~~~~~~~~~~~~
                                                 XUsbPs_IntrHandler
../src/xusbps_COMMS.c:175:4: error: 'XUsbPs_Ep0EventHandler' undeclared (first use in this function); did you mean 'XUsbPs_EpSetHandler'?
    XUsbPs_Ep0EventHandler, UsbInstancePtr);
    ^~~~~~~~~~~~~~~~~~~~~~
    XUsbPs_EpSetHandler
../src/xusbps_COMMS.c:186:4: error: 'XUsbPs_Ep1EventHandler' undeclared (first use in this function); did you mean 'XUsbPs_Ep0EventHandler'?
    XUsbPs_Ep1EventHandler, UsbInstancePtr);
    ^~~~~~~~~~~~~~~~~~~~~~
    XUsbPs_Ep0EventHandler
../src/xusbps_COMMS.c:203:9: error: 'NumReceivedFrames' undeclared (first use in this function)
  while (NumReceivedFrames < 1) {
         ^~~~~~~~~~~~~~~~~
../src/xusbps_COMMS.c:222:2: warning: implicit declaration of function 'UsbDisableIntrSystem' [-Wimplicit-function-declaration]
  UsbDisableIntrSystem(IntcInstancePtr, UsbIntrId);
  ^~~~~~~~~~~~~~~~~~~~
../src/xusbps_COMMS.c: In function 'UsbIntrHandler':
../src/xusbps_COMMS.c:257:2: error: 'NumIrqs' undeclared (first use in this function)
  NumIrqs++;
  ^~~~~~~
In file included from ../../USB_example_bsp/ps7_cortexa9_0/include/xusbps_hw.h:65:0,
                 from ../../USB_example_bsp/ps7_cortexa9_0/include/xusbps.h:203,
                 from ../src/xusbps_COMMS.h:36,
                 from ../src/xusbps_COMMS.c:33:
../src/xusbps_COMMS.c: In function 'XUsbPs_Ep1EventHandler':
../src/xusbps_COMMS.c:354:25: error: 'callback_ref' undeclared (first use in this function); did you mean 'CallBackRef'?
  Xil_AssertVoid(NULL != callback_ref);
                         ^
../../USB_example_bsp/ps7_cortexa9_0/include/xil_assert.h:107:9: note: in definition of macro 'Xil_AssertVoid'
     if (Expression) {                              \
         ^~~~~~~~~~
../src/xusbps_COMMS.c:358:9: error: 'event_type' undeclared (first use in this function); did you mean 'EventType'?
  switch(event_type) {
         ^~~~~~~~~~
         EventType
../src/xusbps_COMMS.c:361:40: error: 'endpoint' undeclared (first use in this function); did you mean 'vdprintf'?
   status = XUsbPs_EpBufferReceive(usb, endpoint, &buffer, &buffer_length, &handle);
                                        ^~~~~~~~
                                        vdprintf
../src/xusbps_COMMS.c: At top level:
../src/xusbps_COMMS.c:394:31: error: unknown type name 'XScuGic'
 static int UsbSetupIntrSystem(XScuGic *IntcInstancePtr,
                               ^~~~~~~
../src/xusbps_COMMS.c:447:34: error: unknown type name 'XScuGic'
 static void UsbDisableIntrSystem(XScuGic *IntcInstancePtr, u16 UsbIntrId)
                                  ^~~~~~~
../src/xusbps_COMMS.c:344:13: warning: 'XUsbPs_Ep1EventHandler' defined but not used [-Wunused-function]
 static void XUsbPs_Ep1EventHandler(void *CallBackRef, u8 EpNum,
             ^~~~~~~~~~~~~~~~~~~~~~
../src/xusbps_COMMS.c:277:13: warning: 'XUsbPs_Ep0EventHandler' defined but not used [-Wunused-function]
 static void XUsbPs_Ep0EventHandler(void *CallBackRef, u8 EpNum,
             ^~~~~~~~~~~~~~~~~~~~~~
../src/xusbps_COMMS.c:255:13: warning: 'UsbIntrHandler' defined but not used [-Wunused-function]
 static void UsbIntrHandler(void *CallBackRef, u32 Mask)
             ^~~~~~~~~~~~~~
../src/xusbps_COMMS.c:49:11: warning: 'usb_dma_buffer' defined but not used [-Wunused-variable]
 static u8 usb_dma_buffer[XUSBPS_CDC_MEM_SIZE] ALIGNMENT_CACHELINE;
           ^~~~~~~~~~~~~~
make: *** [src/xusbps_COMMS.o] Error 1
08:41:18 **** Auto Build of configuration Debug for project USB_example2 ****
make pre-build main-build 
..\GUID.bat && a9-linaro-pre-build-step
Generating Guid HEX
Reading GUID from "D:\WorkingDirectory\Ottawa_workingDir\Misc\Winusb\Winusb.sdk\USB_example2\/src/GUID.txt" 

Writing to "D:\WorkingDirectory\Ottawa_workingDir\Misc\Winusb\Winusb.sdk\USB_example2\/src/GUID.h" 


GUID: {5D087431-5725-4673-83A0-4394EC2F0EEB} 

GUID is valid
' '
'Building file: ../src/xusbps_COMMS.c'
'Invoking: ARM v7 gcc compiler'
arm-none-eabi-gcc -Wall -O0 -g3 -c -fmessage-length=0 -MT"src/xusbps_COMMS.o" -mcpu=cortex-a9 -mfpu=vfpv3 -mfloat-abi=hard -I../../USB_example_bsp/ps7_cortexa9_0/include -MMD -MP -MF"src/xusbps_COMMS.d" -MT"src/xusbps_COMMS.o" -o "src/xusbps_COMMS.o" "../src/xusbps_COMMS.c"
../src/xusbps_COMMS.c: In function 'xusb_COMMS_init':
../src/xusbps_COMMS.c:94:11: warning: implicit declaration of function 'UsbSetupIntrSystem' [-Wimplicit-function-declaration]
  Status = UsbSetupIntrSystem(IntcInstancePtr,
           ^~~~~~~~~~~~~~~~~~
../src/xusbps_COMMS.c:94:30: error: 'IntcInstancePtr' undeclared (first use in this function)
  Status = UsbSetupIntrSystem(IntcInstancePtr,
                              ^~~~~~~~~~~~~~~
../src/xusbps_COMMS.c:94:30: note: each undeclared identifier is reported only once for each function it appears in
../src/xusbps_COMMS.c:95:4: error: 'UsbInstancePtr' undeclared (first use in this function); did you mean 'IntcInstancePtr'?
    UsbInstancePtr,
    ^~~~~~~~~~~~~~
    IntcInstancePtr
../src/xusbps_COMMS.c:96:4: error: 'UsbIntrId' undeclared (first use in this function)
    UsbIntrId);
    ^~~~~~~~~
../src/xusbps_COMMS.c:149:18: error: 'Buffer' undeclared (first use in this function)
  MemPtr = (u8 *)&Buffer[0];
                  ^~~~~~
../src/xusbps_COMMS.c:150:18: error: 'MEMORY_SIZE' undeclared (first use in this function)
  memset(MemPtr,0,MEMORY_SIZE);
                  ^~~~~~~~~~~
../src/xusbps_COMMS.c:164:49: error: 'UsbIntrHandler' undeclared (first use in this function); did you mean 'XUsbPs_IntrHandler'?
  Status = XUsbPs_IntrSetHandler(UsbInstancePtr, UsbIntrHandler, NULL,
                                                 ^~~~~~~~~~~~~~
                                                 XUsbPs_IntrHandler
../src/xusbps_COMMS.c:175:4: error: 'XUsbPs_Ep0EventHandler' undeclared (first use in this function); did you mean 'XUsbPs_EpSetHandler'?
    XUsbPs_Ep0EventHandler, UsbInstancePtr);
    ^~~~~~~~~~~~~~~~~~~~~~
    XUsbPs_EpSetHandler
../src/xusbps_COMMS.c:186:4: error: 'XUsbPs_Ep1EventHandler' undeclared (first use in this function); did you mean 'XUsbPs_Ep0EventHandler'?
    XUsbPs_Ep1EventHandler, UsbInstancePtr);
    ^~~~~~~~~~~~~~~~~~~~~~
    XUsbPs_Ep0EventHandler
../src/xusbps_COMMS.c:203:9: error: 'NumReceivedFrames' undeclared (first use in this function)
  while (NumReceivedFrames < 1) {
         ^~~~~~~~~~~~~~~~~
../src/xusbps_COMMS.c:222:2: warning: implicit declaration of function 'UsbDisableIntrSystem' [-Wimplicit-function-declaration]
  UsbDisableIntrSystem(IntcInstancePtr, UsbIntrId);
  ^~~~~~~~~~~~~~~~~~~~
../src/xusbps_COMMS.c: In function 'UsbIntrHandler':
../src/xusbps_COMMS.c:257:2: error: 'NumIrqs' undeclared (first use in this function)
  NumIrqs++;
  ^~~~~~~
In file included from ../../USB_example_bsp/ps7_cortexa9_0/include/xusbps_hw.h:65:0,
                 from ../../USB_example_bsp/ps7_cortexa9_0/include/xusbps.h:203,
                 from ../src/xusbps_COMMS.h:36,
                 from ../src/xusbps_COMMS.c:33:
../src/xusbps_COMMS.c: In function 'XUsbPs_Ep1EventHandler':
../src/xusbps_COMMS.c:354:25: error: 'callback_ref' undeclared (first use in this function); did you mean 'CallBackRef'?
  Xil_AssertVoid(NULL != callback_ref);
                         ^
../../USB_example_bsp/ps7_cortexa9_0/include/xil_assert.h:107:9: note: in definition of macro 'Xil_AssertVoid'
     if (Expression) {                              \
         ^~~~~~~~~~
../src/xusbps_COMMS.c:358:9: error: 'event_type' undeclared (first use in this function); did you mean 'EventType'?
  switch(event_type) {
         ^~~~~~~~~~
         EventType
../src/xusbps_COMMS.c:361:40: error: 'endpoint' undeclared (first use in this function); did you mean 'vdprintf'?
   status = XUsbPs_EpBufferReceive(usb, endpoint, &buffer, &buffer_length, &handle);
                                        ^~~~~~~~
                                        vdprintf
../src/xusbps_COMMS.c: At top level:
../src/xusbps_COMMS.c:394:31: error: unknown type name 'XScuGic'
 static int UsbSetupIntrSystem(XScuGic *IntcInstancePtr,
                               ^~~~~~~
../src/xusbps_COMMS.c:447:34: error: unknown type name 'XScuGic'
 static void UsbDisableIntrSystem(XScuGic *IntcInstancePtr, u16 UsbIntrId)
                                  ^~~~~~~
../src/xusbps_COMMS.c:344:13: warning: 'XUsbPs_Ep1EventHandler' defined but not used [-Wunused-function]
 static void XUsbPs_Ep1EventHandler(void *CallBackRef, u8 EpNum,
             ^~~~~~~~~~~~~~~~~~~~~~
../src/xusbps_COMMS.c:277:13: warning: 'XUsbPs_Ep0EventHandler' defined but not used [-Wunused-function]
 static void XUsbPs_Ep0EventHandler(void *CallBackRef, u8 EpNum,
             ^~~~~~~~~~~~~~~~~~~~~~
../src/xusbps_COMMS.c:255:13: warning: 'UsbIntrHandler' defined but not used [-Wunused-function]
 static void UsbIntrHandler(void *CallBackRef, u32 Mask)
             ^~~~~~~~~~~~~~
../src/xusbps_COMMS.c:49:11: warning: 'usb_dma_buffer' defined but not used [-Wunused-variable]
 static u8 usb_dma_buffer[XUSBPS_CDC_MEM_SIZE] ALIGNMENT_CACHELINE;
           ^~~~~~~~~~~~~~
make: *** [src/xusbps_COMMS.o] Error 1
08:43:22 **** Auto Build of configuration Debug for project USB_example2 ****
make pre-build main-build 
..\GUID.bat && a9-linaro-pre-build-step
Generating Guid HEX
Reading GUID from "D:\WorkingDirectory\Ottawa_workingDir\Misc\Winusb\Winusb.sdk\USB_example2\/src/GUID.txt" 

Writing to "D:\WorkingDirectory\Ottawa_workingDir\Misc\Winusb\Winusb.sdk\USB_example2\/src/GUID.h" 


GUID: {5D087431-5725-4673-83A0-4394EC2F0EEB} 

GUID is valid
' '
'Building file: ../src/xusbps_COMMS.c'
'Invoking: ARM v7 gcc compiler'
arm-none-eabi-gcc -Wall -O0 -g3 -c -fmessage-length=0 -MT"src/xusbps_COMMS.o" -mcpu=cortex-a9 -mfpu=vfpv3 -mfloat-abi=hard -I../../USB_example_bsp/ps7_cortexa9_0/include -MMD -MP -MF"src/xusbps_COMMS.d" -MT"src/xusbps_COMMS.o" -o "src/xusbps_COMMS.o" "../src/xusbps_COMMS.c"
../src/xusbps_COMMS.c:36:10: fatal error: xusbps_cdc_ch9.h: No such file or directory
 #include "xusbps_cdc_ch9.h"
          ^~~~~~~~~~~~~~~~~~
compilation terminated.
make: *** [src/xusbps_COMMS.o] Error 1
08:43:51 **** Auto Build of configuration Debug for project USB_example2 ****
make pre-build main-build 
..\GUID.bat && a9-linaro-pre-build-step
Generating Guid HEX
Reading GUID from "D:\WorkingDirectory\Ottawa_workingDir\Misc\Winusb\Winusb.sdk\USB_example2\/src/GUID.txt" 

Writing to "D:\WorkingDirectory\Ottawa_workingDir\Misc\Winusb\Winusb.sdk\USB_example2\/src/GUID.h" 


GUID: {5D087431-5725-4673-83A0-4394EC2F0EEB} 

GUID is valid
' '
'Building file: ../src/xusbps_COMMS.c'
'Invoking: ARM v7 gcc compiler'
arm-none-eabi-gcc -Wall -O0 -g3 -c -fmessage-length=0 -MT"src/xusbps_COMMS.o" -mcpu=cortex-a9 -mfpu=vfpv3 -mfloat-abi=hard -I../../USB_example_bsp/ps7_cortexa9_0/include -MMD -MP -MF"src/xusbps_COMMS.d" -MT"src/xusbps_COMMS.o" -o "src/xusbps_COMMS.o" "../src/xusbps_COMMS.c"
../src/xusbps_COMMS.c: In function 'xusb_COMMS_init':
../src/xusbps_COMMS.c:74:37: error: 'UsbDeviceId' undeclared (first use in this function); did you mean 'usb_device_id'?
  UsbConfigPtr = XUsbPs_LookupConfig(UsbDeviceId);
                                     ^~~~~~~~~~~
                                     usb_device_id
../src/xusbps_COMMS.c:74:37: note: each undeclared identifier is reported only once for each function it appears in
../src/xusbps_COMMS.c:85:32: error: 'UsbInstancePtr' undeclared (first use in this function)
  Status = XUsbPs_CfgInitialize(UsbInstancePtr,
                                ^~~~~~~~~~~~~~
../src/xusbps_COMMS.c:94:11: warning: implicit declaration of function 'UsbSetupIntrSystem' [-Wimplicit-function-declaration]
  Status = UsbSetupIntrSystem(IntcInstancePtr,
           ^~~~~~~~~~~~~~~~~~
../src/xusbps_COMMS.c:94:30: error: 'IntcInstancePtr' undeclared (first use in this function); did you mean 'UsbInstancePtr'?
  Status = UsbSetupIntrSystem(IntcInstancePtr,
                              ^~~~~~~~~~~~~~~
                              UsbInstancePtr
../src/xusbps_COMMS.c:96:4: error: 'UsbIntrId' undeclared (first use in this function)
    UsbIntrId);
    ^~~~~~~~~
../src/xusbps_COMMS.c:149:18: error: 'Buffer' undeclared (first use in this function)
  MemPtr = (u8 *)&Buffer[0];
                  ^~~~~~
../src/xusbps_COMMS.c:150:18: error: 'MEMORY_SIZE' undeclared (first use in this function)
  memset(MemPtr,0,MEMORY_SIZE);
                  ^~~~~~~~~~~
../src/xusbps_COMMS.c:164:49: error: 'UsbIntrHandler' undeclared (first use in this function); did you mean 'XUsbPs_IntrHandler'?
  Status = XUsbPs_IntrSetHandler(UsbInstancePtr, UsbIntrHandler, NULL,
                                                 ^~~~~~~~~~~~~~
                                                 XUsbPs_IntrHandler
../src/xusbps_COMMS.c:175:4: error: 'XUsbPs_Ep0EventHandler' undeclared (first use in this function); did you mean 'XUsbPs_EpSetHandler'?
    XUsbPs_Ep0EventHandler, UsbInstancePtr);
    ^~~~~~~~~~~~~~~~~~~~~~
    XUsbPs_EpSetHandler
../src/xusbps_COMMS.c:186:4: error: 'XUsbPs_Ep1EventHandler' undeclared (first use in this function); did you mean 'XUsbPs_Ep0EventHandler'?
    XUsbPs_Ep1EventHandler, UsbInstancePtr);
    ^~~~~~~~~~~~~~~~~~~~~~
    XUsbPs_Ep0EventHandler
../src/xusbps_COMMS.c:203:9: error: 'NumReceivedFrames' undeclared (first use in this function)
  while (NumReceivedFrames < 1) {
         ^~~~~~~~~~~~~~~~~
../src/xusbps_COMMS.c:222:2: warning: implicit declaration of function 'UsbDisableIntrSystem' [-Wimplicit-function-declaration]
  UsbDisableIntrSystem(IntcInstancePtr, UsbIntrId);
  ^~~~~~~~~~~~~~~~~~~~
../src/xusbps_COMMS.c: In function 'UsbIntrHandler':
../src/xusbps_COMMS.c:257:2: error: 'NumIrqs' undeclared (first use in this function)
  NumIrqs++;
  ^~~~~~~
In file included from ../../USB_example_bsp/ps7_cortexa9_0/include/xusbps_hw.h:65:0,
                 from ../../USB_example_bsp/ps7_cortexa9_0/include/xusbps.h:203,
                 from ../src/xusbps_COMMS.h:36,
                 from ../src/xusbps_COMMS.c:33:
../src/xusbps_COMMS.c: In function 'XUsbPs_Ep1EventHandler':
../src/xusbps_COMMS.c:354:25: error: 'callback_ref' undeclared (first use in this function); did you mean 'CallBackRef'?
  Xil_AssertVoid(NULL != callback_ref);
                         ^
../../USB_example_bsp/ps7_cortexa9_0/include/xil_assert.h:107:9: note: in definition of macro 'Xil_AssertVoid'
     if (Expression) {                              \
         ^~~~~~~~~~
../src/xusbps_COMMS.c:358:9: error: 'event_type' undeclared (first use in this function); did you mean 'EventType'?
  switch(event_type) {
         ^~~~~~~~~~
         EventType
../src/xusbps_COMMS.c:361:40: error: 'endpoint' undeclared (first use in this function); did you mean 'vdprintf'?
   status = XUsbPs_EpBufferReceive(usb, endpoint, &buffer, &buffer_length, &handle);
                                        ^~~~~~~~
                                        vdprintf
../src/xusbps_COMMS.c: At top level:
../src/xusbps_COMMS.c:394:31: error: unknown type name 'XScuGic'
 static int UsbSetupIntrSystem(XScuGic *IntcInstancePtr,
                               ^~~~~~~
../src/xusbps_COMMS.c:447:34: error: unknown type name 'XScuGic'
 static void UsbDisableIntrSystem(XScuGic *IntcInstancePtr, u16 UsbIntrId)
                                  ^~~~~~~
../src/xusbps_COMMS.c:344:13: warning: 'XUsbPs_Ep1EventHandler' defined but not used [-Wunused-function]
 static void XUsbPs_Ep1EventHandler(void *CallBackRef, u8 EpNum,
             ^~~~~~~~~~~~~~~~~~~~~~
../src/xusbps_COMMS.c:277:13: warning: 'XUsbPs_Ep0EventHandler' defined but not used [-Wunused-function]
 static void XUsbPs_Ep0EventHandler(void *CallBackRef, u8 EpNum,
             ^~~~~~~~~~~~~~~~~~~~~~
../src/xusbps_COMMS.c:255:13: warning: 'UsbIntrHandler' defined but not used [-Wunused-function]
 static void UsbIntrHandler(void *CallBackRef, u32 Mask)
             ^~~~~~~~~~~~~~
../src/xusbps_COMMS.c:49:11: warning: 'usb_dma_buffer' defined but not used [-Wunused-variable]
 static u8 usb_dma_buffer[XUSBPS_CDC_MEM_SIZE] ALIGNMENT_CACHELINE;
           ^~~~~~~~~~~~~~
make: *** [src/xusbps_COMMS.o] Error 1
08:45:12 **** Auto Build of configuration Debug for project USB_example2 ****
make pre-build main-build 
..\GUID.bat && a9-linaro-pre-build-step
Generating Guid HEX
Reading GUID from "D:\WorkingDirectory\Ottawa_workingDir\Misc\Winusb\Winusb.sdk\USB_example2\/src/GUID.txt" 

Writing to "D:\WorkingDirectory\Ottawa_workingDir\Misc\Winusb\Winusb.sdk\USB_example2\/src/GUID.h" 


GUID: {5D087431-5725-4673-83A0-4394EC2F0EEB} 

GUID is valid
' '
'Building file: ../src/xusbps_COMMS.c'
'Invoking: ARM v7 gcc compiler'
arm-none-eabi-gcc -Wall -O0 -g3 -c -fmessage-length=0 -MT"src/xusbps_COMMS.o" -mcpu=cortex-a9 -mfpu=vfpv3 -mfloat-abi=hard -I../../USB_example_bsp/ps7_cortexa9_0/include -MMD -MP -MF"src/xusbps_COMMS.d" -MT"src/xusbps_COMMS.o" -o "src/xusbps_COMMS.o" "../src/xusbps_COMMS.c"
../src/xusbps_COMMS.c: In function 'xusb_COMMS_init':
../src/xusbps_COMMS.c:57:21: error: unknown type name 'XScuGic'
  int UsbIntrExample(XScuGic *IntcInstancePtr, XUsbPs *UsbInstancePtr, u16 UsbDeviceId, u16 UsbIntrId, u32 rx_buf_size)
                     ^~~~~~~
../src/xusbps_COMMS.c:257:1: error: expected '=', ',', ';', 'asm' or '__attribute__' before '{' token
 {
 ^
../src/xusbps_COMMS.c:280:1: error: expected '=', ',', ';', 'asm' or '__attribute__' before '{' token
 {
 ^
../src/xusbps_COMMS.c:347:1: error: expected '=', ',', ';', 'asm' or '__attribute__' before '{' token
 {
 ^
../src/xusbps_COMMS.c:395:31: error: unknown type name 'XScuGic'
 static int UsbSetupIntrSystem(XScuGic *IntcInstancePtr,
                               ^~~~~~~
../src/xusbps_COMMS.c:448:34: error: unknown type name 'XScuGic'
 static void UsbDisableIntrSystem(XScuGic *IntcInstancePtr, u16 UsbIntrId)
                                  ^~~~~~~
../src/xusbps_COMMS.c:456:42: error: expected '=', ',', ';', 'asm' or '__attribute__' before '{' token
 void dump_buffer(u8 *buffer, u32 length) {
                                          ^
../src/xusbps_COMMS.c:470:93: error: expected '=', ',', ';', 'asm' or '__attribute__' before '{' token
 int xusb_COMMS_handle_bulk_request(XUsbPs *usb, u8 endpoint, u8 *buffer, u32 buffer_length) {
                                                                                             ^
../src/xusbps_COMMS.c:484:63: error: expected '=', ',', ';', 'asm' or '__attribute__' before '{' token
 int xusb_COMMS_send_data(XUsbPs *usb, u8 *buffer, u32 length) {
                                                               ^
../src/xusbps_COMMS.c:496:41: error: expected '=', ',', ';', 'asm' or '__attribute__' before '{' token
 int xusb_COMMS_rx_bytes_available(void) {
                                         ^
../src/xusbps_COMMS.c:504:53: error: expected '=', ',', ';', 'asm' or '__attribute__' before '{' token
 int xusb_COMMS_receive_data(u8 *buffer, u32 length) {
                                                     ^
../src/xusbps_COMMS.c:510:1: error: expected '{' at end of input
 }
 ^
../src/xusbps_COMMS.c:510:1: warning: control reaches end of non-void function [-Wreturn-type]
 }
 ^
At top level:
../src/xusbps_COMMS.c:49:11: warning: 'usb_dma_buffer' defined but not used [-Wunused-variable]
 static u8 usb_dma_buffer[XUSBPS_CDC_MEM_SIZE] ALIGNMENT_CACHELINE;
           ^~~~~~~~~~~~~~
make: *** [src/xusbps_COMMS.o] Error 1
08:45:18 **** Auto Build of configuration Debug for project USB_example2 ****
make pre-build main-build 
..\GUID.bat && a9-linaro-pre-build-step
Generating Guid HEX
Reading GUID from "D:\WorkingDirectory\Ottawa_workingDir\Misc\Winusb\Winusb.sdk\USB_example2\/src/GUID.txt" 

Writing to "D:\WorkingDirectory\Ottawa_workingDir\Misc\Winusb\Winusb.sdk\USB_example2\/src/GUID.h" 


GUID: {5D087431-5725-4673-83A0-4394EC2F0EEB} 

GUID is valid
' '
'Building file: ../src/xusbps_COMMS.c'
'Invoking: ARM v7 gcc compiler'
arm-none-eabi-gcc -Wall -O0 -g3 -c -fmessage-length=0 -MT"src/xusbps_COMMS.o" -mcpu=cortex-a9 -mfpu=vfpv3 -mfloat-abi=hard -I../../USB_example_bsp/ps7_cortexa9_0/include -MMD -MP -MF"src/xusbps_COMMS.d" -MT"src/xusbps_COMMS.o" -o "src/xusbps_COMMS.o" "../src/xusbps_COMMS.c"
../src/xusbps_COMMS.c:56:21: error: unknown type name 'XScuGic'
 int xusb_COMMS_init(XScuGic *IntcInstancePtr, XUsbPs *UsbInstancePtr, u16 UsbDeviceId, u16 UsbIntrId, u32 rx_buf_size)
                     ^~~~~~~
../src/xusbps_COMMS.c: In function 'UsbIntrHandler':
../src/xusbps_COMMS.c:257:2: error: 'NumIrqs' undeclared (first use in this function)
  NumIrqs++;
  ^~~~~~~
../src/xusbps_COMMS.c:257:2: note: each undeclared identifier is reported only once for each function it appears in
In file included from ../../USB_example_bsp/ps7_cortexa9_0/include/xusbps_hw.h:65:0,
                 from ../../USB_example_bsp/ps7_cortexa9_0/include/xusbps.h:203,
                 from ../src/xusbps_COMMS.h:36,
                 from ../src/xusbps_COMMS.c:33:
../src/xusbps_COMMS.c: In function 'XUsbPs_Ep1EventHandler':
../src/xusbps_COMMS.c:354:25: error: 'callback_ref' undeclared (first use in this function); did you mean 'CallBackRef'?
  Xil_AssertVoid(NULL != callback_ref);
                         ^
../../USB_example_bsp/ps7_cortexa9_0/include/xil_assert.h:107:9: note: in definition of macro 'Xil_AssertVoid'
     if (Expression) {                              \
         ^~~~~~~~~~
../src/xusbps_COMMS.c:358:9: error: 'event_type' undeclared (first use in this function); did you mean 'EventType'?
  switch(event_type) {
         ^~~~~~~~~~
         EventType
../src/xusbps_COMMS.c:361:40: error: 'endpoint' undeclared (first use in this function); did you mean 'vdprintf'?
   status = XUsbPs_EpBufferReceive(usb, endpoint, &buffer, &buffer_length, &handle);
                                        ^~~~~~~~
                                        vdprintf
../src/xusbps_COMMS.c: At top level:
../src/xusbps_COMMS.c:394:31: error: unknown type name 'XScuGic'
 static int UsbSetupIntrSystem(XScuGic *IntcInstancePtr,
                               ^~~~~~~
../src/xusbps_COMMS.c:447:34: error: unknown type name 'XScuGic'
 static void UsbDisableIntrSystem(XScuGic *IntcInstancePtr, u16 UsbIntrId)
                                  ^~~~~~~
../src/xusbps_COMMS.c:344:13: warning: 'XUsbPs_Ep1EventHandler' defined but not used [-Wunused-function]
 static void XUsbPs_Ep1EventHandler(void *CallBackRef, u8 EpNum,
             ^~~~~~~~~~~~~~~~~~~~~~
../src/xusbps_COMMS.c:277:13: warning: 'XUsbPs_Ep0EventHandler' defined but not used [-Wunused-function]
 static void XUsbPs_Ep0EventHandler(void *CallBackRef, u8 EpNum,
             ^~~~~~~~~~~~~~~~~~~~~~
../src/xusbps_COMMS.c:255:13: warning: 'UsbIntrHandler' defined but not used [-Wunused-function]
 static void UsbIntrHandler(void *CallBackRef, u32 Mask)
             ^~~~~~~~~~~~~~
../src/xusbps_COMMS.c:49:11: warning: 'usb_dma_buffer' defined but not used [-Wunused-variable]
 static u8 usb_dma_buffer[XUSBPS_CDC_MEM_SIZE] ALIGNMENT_CACHELINE;
           ^~~~~~~~~~~~~~
make: *** [src/xusbps_COMMS.o] Error 1
08:45:36 **** Auto Build of configuration Debug for project USB_example2 ****
make pre-build main-build 
..\GUID.bat && a9-linaro-pre-build-step
Generating Guid HEX
Reading GUID from "D:\WorkingDirectory\Ottawa_workingDir\Misc\Winusb\Winusb.sdk\USB_example2\/src/GUID.txt" 

Writing to "D:\WorkingDirectory\Ottawa_workingDir\Misc\Winusb\Winusb.sdk\USB_example2\/src/GUID.h" 


GUID: {5D087431-5725-4673-83A0-4394EC2F0EEB} 

GUID is valid
' '
'Building file: ../src/xusbps_COMMS.c'
'Invoking: ARM v7 gcc compiler'
arm-none-eabi-gcc -Wall -O0 -g3 -c -fmessage-length=0 -MT"src/xusbps_COMMS.o" -mcpu=cortex-a9 -mfpu=vfpv3 -mfloat-abi=hard -I../../USB_example_bsp/ps7_cortexa9_0/include -MMD -MP -MF"src/xusbps_COMMS.d" -MT"src/xusbps_COMMS.o" -o "src/xusbps_COMMS.o" "../src/xusbps_COMMS.c"
In file included from ../src/xusbps_COMMS.c:33:0:
../src/xusbps_COMMS.h:45:21: error: unknown type name 'XScuGic'
 int xusb_COMMS_init(XScuGic *IntcInstancePtr, XUsbPs *UsbInstancePtr, u16 UsbDeviceId, u16 UsbIntrId, u32 rx_buf_size);
                     ^~~~~~~
../src/xusbps_COMMS.c:56:21: error: unknown type name 'XScuGic'
 int xusb_COMMS_init(XScuGic *IntcInstancePtr, XUsbPs *UsbInstancePtr, u16 UsbDeviceId, u16 UsbIntrId, u32 rx_buf_size)
                     ^~~~~~~
../src/xusbps_COMMS.c: In function 'UsbIntrHandler':
../src/xusbps_COMMS.c:257:2: error: 'NumIrqs' undeclared (first use in this function)
  NumIrqs++;
  ^~~~~~~
../src/xusbps_COMMS.c:257:2: note: each undeclared identifier is reported only once for each function it appears in
In file included from ../../USB_example_bsp/ps7_cortexa9_0/include/xusbps_hw.h:65:0,
                 from ../../USB_example_bsp/ps7_cortexa9_0/include/xusbps.h:203,
                 from ../src/xusbps_COMMS.h:36,
                 from ../src/xusbps_COMMS.c:33:
../src/xusbps_COMMS.c: In function 'XUsbPs_Ep1EventHandler':
../src/xusbps_COMMS.c:354:25: error: 'callback_ref' undeclared (first use in this function); did you mean 'CallBackRef'?
  Xil_AssertVoid(NULL != callback_ref);
                         ^
../../USB_example_bsp/ps7_cortexa9_0/include/xil_assert.h:107:9: note: in definition of macro 'Xil_AssertVoid'
     if (Expression) {                              \
         ^~~~~~~~~~
../src/xusbps_COMMS.c:358:9: error: 'event_type' undeclared (first use in this function); did you mean 'EventType'?
  switch(event_type) {
         ^~~~~~~~~~
         EventType
../src/xusbps_COMMS.c:361:40: error: 'endpoint' undeclared (first use in this function); did you mean 'vdprintf'?
   status = XUsbPs_EpBufferReceive(usb, endpoint, &buffer, &buffer_length, &handle);
                                        ^~~~~~~~
                                        vdprintf
../src/xusbps_COMMS.c: At top level:
../src/xusbps_COMMS.c:394:31: error: unknown type name 'XScuGic'
 static int UsbSetupIntrSystem(XScuGic *IntcInstancePtr,
                               ^~~~~~~
../src/xusbps_COMMS.c:447:34: error: unknown type name 'XScuGic'
 static void UsbDisableIntrSystem(XScuGic *IntcInstancePtr, u16 UsbIntrId)
                                  ^~~~~~~
../src/xusbps_COMMS.c:344:13: warning: 'XUsbPs_Ep1EventHandler' defined but not used [-Wunused-function]
 static void XUsbPs_Ep1EventHandler(void *CallBackRef, u8 EpNum,
             ^~~~~~~~~~~~~~~~~~~~~~
../src/xusbps_COMMS.c:277:13: warning: 'XUsbPs_Ep0EventHandler' defined but not used [-Wunused-function]
 static void XUsbPs_Ep0EventHandler(void *CallBackRef, u8 EpNum,
             ^~~~~~~~~~~~~~~~~~~~~~
../src/xusbps_COMMS.c:255:13: warning: 'UsbIntrHandler' defined but not used [-Wunused-function]
 static void UsbIntrHandler(void *CallBackRef, u32 Mask)
             ^~~~~~~~~~~~~~
../src/xusbps_COMMS.c:49:11: warning: 'usb_dma_buffer' defined but not used [-Wunused-variable]
 static u8 usb_dma_buffer[XUSBPS_CDC_MEM_SIZE] ALIGNMENT_CACHELINE;
           ^~~~~~~~~~~~~~
make: *** [src/xusbps_COMMS.o] Error 1
08:45:53 **** Auto Build of configuration Debug for project USB_example2 ****
make pre-build main-build 
..\GUID.bat && a9-linaro-pre-build-step
Generating Guid HEX
Reading GUID from "D:\WorkingDirectory\Ottawa_workingDir\Misc\Winusb\Winusb.sdk\USB_example2\/src/GUID.txt" 

[...]
'Finished building target: USB_example2.elf'
' '
'Invoking: ARM v7 Print Size'
arm-none-eabi-size USB_example2.elf  |tee "USB_example2.elf.size"
   text	   data	    bss	    dec	    hex	filename
  52664	   3800	1139104	1195568	 123e30	USB_example2.elf
'Finished building: USB_example2.elf.size'
' '
11:57:52 **** Clean-only build of configuration Debug for project USB_example2 ****
make clean 
rm -rf  ./src/main.o ./src/platform.o ./src/xusbps_COMMS.o ./src/xusbps_Ringbuffer.o ./src/xusbps_ch9.o ./src/xusbps_ch9_winusb.o ./src/xusbps_class_winusb.o  ./src/main.d ./src/platform.d ./src/xusbps_COMMS.d ./src/xusbps_Ringbuffer.d ./src/xusbps_ch9.d ./src/xusbps_ch9_winusb.d ./src/xusbps_class_winusb.d  USB_example2.elf.size  USB_example2.elf
' '
11:57:53 **** Auto Build of configuration Debug for project USB_example2 ****
make pre-build main-build 
..\GUID.bat && a9-linaro-pre-build-step
Generating Guid HEX
Reading GUID from "D:\WorkingDirectory\Ottawa_workingDir\Misc\Winusb\Winusb.sdk\USB_example2\/src/GUID.txt" 

Writing to "D:\WorkingDirectory\Ottawa_workingDir\Misc\Winusb\Winusb.sdk\USB_example2\/src/GUID.h" 


GUID: {5D087431-5725-4673-83A0-4394EC2F0EEB} 

GUID is valid
' '
'Building file: ../src/main.c'
'Invoking: ARM v7 gcc compiler'
arm-none-eabi-gcc -Wall -O0 -g3 -c -fmessage-length=0 -MT"src/main.o" -mcpu=cortex-a9 -mfpu=vfpv3 -mfloat-abi=hard -I../../USB_example_bsp/ps7_cortexa9_0/include -MMD -MP -MF"src/main.d" -MT"src/main.o" -o "src/main.o" "../src/main.c"
../src/main.c:61:10: fatal error: xusbps_class_winusb.h: No such file or directory
 #include "xusbps_class_winusb.h" /* Storage class handling code */
          ^~~~~~~~~~~~~~~~~~~~~~~
compilation terminated.
make: *** [src/main.o] Error 1
11:57:58 **** Clean-only build of configuration Debug for project USB_example2 ****
make clean 
rm -rf  ./src/main.o ./src/platform.o ./src/xusbps_COMMS.o ./src/xusbps_Ringbuffer.o ./src/xusbps_ch9.o ./src/xusbps_ch9_winusb.o  ./EXCLUDE\ FROM\ BUILD/xusbps_class_winusb.o  ./src/main.d ./src/platform.d ./src/xusbps_COMMS.d ./src/xusbps_Ringbuffer.d ./src/xusbps_ch9.d ./src/xusbps_ch9_winusb.d  ./EXCLUDE\ FROM\ BUILD/xusbps_class_winusb.d  USB_example2.elf.size  USB_example2.elf
' '
11:57:58 **** Auto Build of configuration Debug for project USB_example2 ****
make pre-build main-build 
..\GUID.bat && a9-linaro-pre-build-step
Generating Guid HEX
Reading GUID from "D:\WorkingDirectory\Ottawa_workingDir\Misc\Winusb\Winusb.sdk\USB_example2\/src/GUID.txt" 

Writing to "D:\WorkingDirectory\Ottawa_workingDir\Misc\Winusb\Winusb.sdk\USB_example2\/src/GUID.h" 


GUID: {5D087431-5725-4673-83A0-4394EC2F0EEB} 

GUID is valid
' '
'Building file: ../src/main.c'
'Invoking: ARM v7 gcc compiler'
arm-none-eabi-gcc -Wall -O0 -g3 -c -fmessage-length=0 -MT"src/main.o" -mcpu=cortex-a9 -mfpu=vfpv3 -mfloat-abi=hard -I../../USB_example_bsp/ps7_cortexa9_0/include -MMD -MP -MF"src/main.d" -MT"src/main.o" -o "src/main.o" "../src/main.c"
../src/main.c:61:10: fatal error: xusbps_class_winusb.h: No such file or directory
 #include "xusbps_class_winusb.h" /* Storage class handling code */
          ^~~~~~~~~~~~~~~~~~~~~~~
compilation terminated.
make: *** [src/main.o] Error 1
11:58:21 **** Auto Build of configuration Debug for project USB_example2 ****
make pre-build main-build 
..\GUID.bat && a9-linaro-pre-build-step
Generating Guid HEX
Reading GUID from "D:\WorkingDirectory\Ottawa_workingDir\Misc\Winusb\Winusb.sdk\USB_example2\/src/GUID.txt" 

Writing to "D:\WorkingDirectory\Ottawa_workingDir\Misc\Winusb\Winusb.sdk\USB_example2\/src/GUID.h" 


GUID: {5D087431-5725-4673-83A0-4394EC2F0EEB} 

GUID is valid
' '
'Building file: ../src/main.c'
'Invoking: ARM v7 gcc compiler'
arm-none-eabi-gcc -Wall -O0 -g3 -c -fmessage-length=0 -MT"src/main.o" -mcpu=cortex-a9 -mfpu=vfpv3 -mfloat-abi=hard -I../../USB_example_bsp/ps7_cortexa9_0/include -MMD -MP -MF"src/main.d" -MT"src/main.o" -o "src/main.o" "../src/main.c"
../src/main.c: In function 'main':
../src/main.c:137:18: warning: pointer targets in passing argument 1 of 'xil_printf' differ in signedness [-Wpointer-sign]
       xil_printf(text_buffer);
                  ^~~~~~~~~~~
In file included from ../../USB_example_bsp/ps7_cortexa9_0/include/xil_io.h:65:0,
                 from ../../USB_example_bsp/ps7_cortexa9_0/include/xusbps_hw.h:66,
                 from ../../USB_example_bsp/ps7_cortexa9_0/include/xusbps.h:203,
                 from ../src/main.c:58:
../../USB_example_bsp/ps7_cortexa9_0/include/xil_printf.h:39:6: note: expected 'const char8 * {aka const char *}' but argument is of type 'u8 * {aka unsigned char *}'
 void xil_printf( const char8 *ctrl1, ...);
      ^~~~~~~~~~
In file included from ../src/main.c:70:0:
../src/main.c: At top level:
../src/xusbps_COMMS.h:53:13: warning: 'UsbIntrHandler' declared 'static' but never defined [-Wunused-function]
 static void UsbIntrHandler(void *CallBackRef, u32 Mask);
             ^~~~~~~~~~~~~~
../src/xusbps_COMMS.h:54:13: warning: 'XUsbPs_Ep0EventHandler' declared 'static' but never defined [-Wunused-function]
 static void XUsbPs_Ep0EventHandler(void *CallBackRef, u8 EpNum,
             ^~~~~~~~~~~~~~~~~~~~~~
../src/xusbps_COMMS.h:56:13: warning: 'XUsbPs_Ep1EventHandler' declared 'static' but never defined [-Wunused-function]
 static void XUsbPs_Ep1EventHandler(void *CallBackRef, u8 EpNum,
             ^~~~~~~~~~~~~~~~~~~~~~
../src/xusbps_COMMS.h:58:12: warning: 'UsbSetupIntrSystem' declared 'static' but never defined [-Wunused-function]
 static int UsbSetupIntrSystem(XScuGic *IntcInstancePtr,
            ^~~~~~~~~~~~~~~~~~
../src/xusbps_COMMS.h:60:13: warning: 'UsbDisableIntrSystem' declared 'static' but never defined [-Wunused-function]
 static void UsbDisableIntrSystem(XScuGic *IntcInstancePtr, u16 UsbIntrId);
             ^~~~~~~~~~~~~~~~~~~~
'Finished building: ../src/main.c'
' '
'Building file: ../src/platform.c'
'Invoking: ARM v7 gcc compiler'
arm-none-eabi-gcc -Wall -O0 -g3 -c -fmessage-length=0 -MT"src/platform.o" -mcpu=cortex-a9 -mfpu=vfpv3 -mfloat-abi=hard -I../../USB_example_bsp/ps7_cortexa9_0/include -MMD -MP -MF"src/platform.d" -MT"src/platform.o" -o "src/platform.o" "../src/platform.c"
'Finished building: ../src/platform.c'
' '
'Building file: ../src/xusbps_COMMS.c'
'Invoking: ARM v7 gcc compiler'
arm-none-eabi-gcc -Wall -O0 -g3 -c -fmessage-length=0 -MT"src/xusbps_COMMS.o" -mcpu=cortex-a9 -mfpu=vfpv3 -mfloat-abi=hard -I../../USB_example_bsp/ps7_cortexa9_0/include -MMD -MP -MF"src/xusbps_COMMS.d" -MT"src/xusbps_COMMS.o" -o "src/xusbps_COMMS.o" "../src/xusbps_COMMS.c"
'Finished building: ../src/xusbps_COMMS.c'
' '
'Building file: ../src/xusbps_Ringbuffer.c'
'Invoking: ARM v7 gcc compiler'
arm-none-eabi-gcc -Wall -O0 -g3 -c -fmessage-length=0 -MT"src/xusbps_Ringbuffer.o" -mcpu=cortex-a9 -mfpu=vfpv3 -mfloat-abi=hard -I../../USB_example_bsp/ps7_cortexa9_0/include -MMD -MP -MF"src/xusbps_Ringbuffer.d" -MT"src/xusbps_Ringbuffer.o" -o "src/xusbps_Ringbuffer.o" "../src/xusbps_Ringbuffer.c"
'Finished building: ../src/xusbps_Ringbuffer.c'
' '
'Building file: ../src/xusbps_ch9.c'
'Invoking: ARM v7 gcc compiler'
arm-none-eabi-gcc -Wall -O0 -g3 -c -fmessage-length=0 -MT"src/xusbps_ch9.o" -mcpu=cortex-a9 -mfpu=vfpv3 -mfloat-abi=hard -I../../USB_example_bsp/ps7_cortexa9_0/include -MMD -MP -MF"src/xusbps_ch9.d" -MT"src/xusbps_ch9.o" -o "src/xusbps_ch9.o" "../src/xusbps_ch9.c"
../src/xusbps_ch9.c:64:10: fatal error: xusbps_class_winusb.h: No such file or directory
 #include "xusbps_class_winusb.h"
          ^~~~~~~~~~~~~~~~~~~~~~~
compilation terminated.
make: *** [src/xusbps_ch9.o] Error 1
11:58:40 **** Auto Build of configuration Debug for project USB_example2 ****
make pre-build main-build 
..\GUID.bat && a9-linaro-pre-build-step
Generating Guid HEX
Reading GUID from "D:\WorkingDirectory\Ottawa_workingDir\Misc\Winusb\Winusb.sdk\USB_example2\/src/GUID.txt" 

Writing to "D:\WorkingDirectory\Ottawa_workingDir\Misc\Winusb\Winusb.sdk\USB_example2\/src/GUID.h" 


GUID: {5D087431-5725-4673-83A0-4394EC2F0EEB} 

GUID is valid
' '
'Building file: ../src/main.c'
'Invoking: ARM v7 gcc compiler'
arm-none-eabi-gcc -Wall -O0 -g3 -c -fmessage-length=0 -MT"src/main.o" -mcpu=cortex-a9 -mfpu=vfpv3 -mfloat-abi=hard -I../../USB_example_bsp/ps7_cortexa9_0/include -MMD -MP -MF"src/main.d" -MT"src/main.o" -o "src/main.o" "../src/main.c"
../src/main.c: In function 'main':
../src/main.c:137:18: warning: pointer targets in passing argument 1 of 'xil_printf' differ in signedness [-Wpointer-sign]
       xil_printf(text_buffer);
                  ^~~~~~~~~~~
In file included from ../../USB_example_bsp/ps7_cortexa9_0/include/xil_io.h:65:0,
                 from ../../USB_example_bsp/ps7_cortexa9_0/include/xusbps_hw.h:66,
                 from ../../USB_example_bsp/ps7_cortexa9_0/include/xusbps.h:203,
                 from ../src/main.c:58:
../../USB_example_bsp/ps7_cortexa9_0/include/xil_printf.h:39:6: note: expected 'const char8 * {aka const char *}' but argument is of type 'u8 * {aka unsigned char *}'
 void xil_printf( const char8 *ctrl1, ...);
      ^~~~~~~~~~
In file included from ../src/main.c:70:0:
../src/main.c: At top level:
../src/xusbps_COMMS.h:53:13: warning: 'UsbIntrHandler' declared 'static' but never defined [-Wunused-function]
 static void UsbIntrHandler(void *CallBackRef, u32 Mask);
             ^~~~~~~~~~~~~~
../src/xusbps_COMMS.h:54:13: warning: 'XUsbPs_Ep0EventHandler' declared 'static' but never defined [-Wunused-function]
 static void XUsbPs_Ep0EventHandler(void *CallBackRef, u8 EpNum,
             ^~~~~~~~~~~~~~~~~~~~~~
../src/xusbps_COMMS.h:56:13: warning: 'XUsbPs_Ep1EventHandler' declared 'static' but never defined [-Wunused-function]
 static void XUsbPs_Ep1EventHandler(void *CallBackRef, u8 EpNum,
             ^~~~~~~~~~~~~~~~~~~~~~
../src/xusbps_COMMS.h:58:12: warning: 'UsbSetupIntrSystem' declared 'static' but never defined [-Wunused-function]
 static int UsbSetupIntrSystem(XScuGic *IntcInstancePtr,
            ^~~~~~~~~~~~~~~~~~
../src/xusbps_COMMS.h:60:13: warning: 'UsbDisableIntrSystem' declared 'static' but never defined [-Wunused-function]
 static void UsbDisableIntrSystem(XScuGic *IntcInstancePtr, u16 UsbIntrId);
             ^~~~~~~~~~~~~~~~~~~~
'Finished building: ../src/main.c'
' '
'Building file: ../src/xusbps_ch9.c'
'Invoking: ARM v7 gcc compiler'
arm-none-eabi-gcc -Wall -O0 -g3 -c -fmessage-length=0 -MT"src/xusbps_ch9.o" -mcpu=cortex-a9 -mfpu=vfpv3 -mfloat-abi=hard -I../../USB_example_bsp/ps7_cortexa9_0/include -MMD -MP -MF"src/xusbps_ch9.d" -MT"src/xusbps_ch9.o" -o "src/xusbps_ch9.o" "../src/xusbps_ch9.c"
../src/xusbps_ch9.c:64:10: fatal error: xusbps_class_winusb.h: No such file or directory
 #include "xusbps_class_winusb.h"
          ^~~~~~~~~~~~~~~~~~~~~~~
compilation terminated.
make: *** [src/xusbps_ch9.o] Error 1
11:58:46 **** Auto Build of configuration Debug for project USB_example2 ****
make pre-build main-build 
..\GUID.bat && a9-linaro-pre-build-step
Generating Guid HEX
Reading GUID from "D:\WorkingDirectory\Ottawa_workingDir\Misc\Winusb\Winusb.sdk\USB_example2\/src/GUID.txt" 

Writing to "D:\WorkingDirectory\Ottawa_workingDir\Misc\Winusb\Winusb.sdk\USB_example2\/src/GUID.h" 


GUID: {5D087431-5725-4673-83A0-4394EC2F0EEB} 

GUID is valid
' '
'Building file: ../src/xusbps_ch9.c'
'Invoking: ARM v7 gcc compiler'
arm-none-eabi-gcc -Wall -O0 -g3 -c -fmessage-length=0 -MT"src/xusbps_ch9.o" -mcpu=cortex-a9 -mfpu=vfpv3 -mfloat-abi=hard -I../../USB_example_bsp/ps7_cortexa9_0/include -MMD -MP -MF"src/xusbps_ch9.d" -MT"src/xusbps_ch9.o" -o "src/xusbps_ch9.o" "../src/xusbps_ch9.c"
../src/xusbps_ch9.c: In function 'XUsbPs_Ch9HandleSetupPacket':
../src/xusbps_ch9.c:127:3: warning: implicit declaration of function 'XUsbPs_ClassReq'; did you mean 'XUsbPs_ReadReg'? [-Wimplicit-function-declaration]
   XUsbPs_ClassReq(InstancePtr, SetupData);
   ^~~~~~~~~~~~~~~
   XUsbPs_ReadReg
../src/xusbps_ch9.c: In function 'XUsbPs_StdDevReq':
../src/xusbps_ch9.c:291:16: warning: implicit declaration of function 'XUsbPs_Ch9SetupDevDescReply'; did you mean 'XUsbPs_StdDevReq'? [-Wimplicit-function-declaration]
     ReplyLen = XUsbPs_Ch9SetupDevDescReply(
                ^~~~~~~~~~~~~~~~~~~~~~~~~~~
                XUsbPs_StdDevReq
../src/xusbps_ch9.c:330:16: warning: implicit declaration of function 'XUsbPs_Ch9SetupCfgDescReply'; did you mean 'XUsbPs_ClrSetupTripwire'? [-Wimplicit-function-declaration]
     ReplyLen = XUsbPs_Ch9SetupCfgDescReply(
                ^~~~~~~~~~~~~~~~~~~~~~~~~~~
                XUsbPs_ClrSetupTripwire
../src/xusbps_ch9.c:357:16: warning: implicit declaration of function 'XUsbPs_Ch9SetupStrDescReply'; did you mean 'XUsbPs_ClrSetupTripwire'? [-Wimplicit-function-declaration]
     ReplyLen = XUsbPs_Ch9SetupStrDescReply(
                ^~~~~~~~~~~~~~~~~~~~~~~~~~~
                XUsbPs_ClrSetupTripwire
../src/xusbps_ch9.c:406:5: warning: implicit declaration of function 'XUsbPs_SetConfiguration'; did you mean 'XUsbPs_ReconfigureEp'? [-Wimplicit-function-declaration]
     XUsbPs_SetConfiguration(InstancePtr,
     ^~~~~~~~~~~~~~~~~~~~~~~
     XUsbPs_ReconfigureEp
../src/xusbps_ch9.c: In function 'XUsbPs_HandleVendorReq':
../src/xusbps_ch9.c:645:55: error: 'MSFTUsbExtCompatIdOSFeatureDscr' undeclared (first use in this function)
      Status = XUsbPs_EpBufferSend(InstancePtr, EpNum, MSFTUsbExtCompatIdOSFeatureDscr,SetupData->wLength);
                                                       ^~~~~~~~~~~~~~~~~~~~~~~~~~~~~~~
../src/xusbps_ch9.c:645:55: note: each undeclared identifier is reported only once for each function it appears in
../src/xusbps_ch9.c:655:55: error: 'MSFTUsbExtPropertiesOSFeatureDscr' undeclared (first use in this function); did you mean 'MSFTUsbExtCompatIdOSFeatureDscr'?
      Status = XUsbPs_EpBufferSend(InstancePtr, EpNum, MSFTUsbExtPropertiesOSFeatureDscr, SetupData->wLength);
                                                       ^~~~~~~~~~~~~~~~~~~~~~~~~~~~~~~~~
                                                       MSFTUsbExtCompatIdOSFeatureDscr
make: *** [src/xusbps_ch9.o] Error 1
12:00:11 **** Auto Build of configuration Debug for project USB_example2 ****
make pre-build main-build 
..\GUID.bat && a9-linaro-pre-build-step
Generating Guid HEX
Reading GUID from "D:\WorkingDirectory\Ottawa_workingDir\Misc\Winusb\Winusb.sdk\USB_example2\/src/GUID.txt" 

Writing to "D:\WorkingDirectory\Ottawa_workingDir\Misc\Winusb\Winusb.sdk\USB_example2\/src/GUID.h" 


GUID: {5D087431-5725-4673-83A0-4394EC2F0EEB} 

GUID is valid
' '
'Building file: ../src/xusbps_ch9.c'
'Invoking: ARM v7 gcc compiler'
arm-none-eabi-gcc -Wall -O0 -g3 -c -fmessage-length=0 -MT"src/xusbps_ch9.o" -mcpu=cortex-a9 -mfpu=vfpv3 -mfloat-abi=hard -I../../USB_example_bsp/ps7_cortexa9_0/include -MMD -MP -MF"src/xusbps_ch9.d" -MT"src/xusbps_ch9.o" -o "src/xusbps_ch9.o" "../src/xusbps_ch9.c"
../src/xusbps_ch9.c: In function 'XUsbPs_Ch9HandleSetupPacket':
../src/xusbps_ch9.c:127:3: warning: implicit declaration of function 'XUsbPs_ClassReq'; did you mean 'XUsbPs_ReadReg'? [-Wimplicit-function-declaration]
   XUsbPs_ClassReq(InstancePtr, SetupData);
   ^~~~~~~~~~~~~~~
   XUsbPs_ReadReg
'Finished building: ../src/xusbps_ch9.c'
' '
'Building file: ../src/xusbps_ch9_winusb.c'
'Invoking: ARM v7 gcc compiler'
arm-none-eabi-gcc -Wall -O0 -g3 -c -fmessage-length=0 -MT"src/xusbps_ch9_winusb.o" -mcpu=cortex-a9 -mfpu=vfpv3 -mfloat-abi=hard -I../../USB_example_bsp/ps7_cortexa9_0/include -MMD -MP -MF"src/xusbps_ch9_winusb.d" -MT"src/xusbps_ch9_winusb.o" -o "src/xusbps_ch9_winusb.o" "../src/xusbps_ch9_winusb.c"
'Finished building: ../src/xusbps_ch9_winusb.c'
' '
'Building target: USB_example2.elf'
'Invoking: ARM v7 gcc linker'
arm-none-eabi-gcc -mcpu=cortex-a9 -mfpu=vfpv3 -mfloat-abi=hard -Wl,-build-id=none -specs=Xilinx.spec -Wl,-T -Wl,../src/lscript.ld -L../../USB_example_bsp/ps7_cortexa9_0/lib -o "USB_example2.elf"  ./src/main.o ./src/platform.o ./src/xusbps_COMMS.o ./src/xusbps_Ringbuffer.o ./src/xusbps_ch9.o ./src/xusbps_ch9_winusb.o   -Wl,--start-group,-lxil,-lgcc,-lc,--end-group
./src/xusbps_ch9.o: In function `XUsbPs_Ch9HandleSetupPacket':
D:\WorkingDirectory\Ottawa_workingDir\Misc\Winusb\Winusb.sdk\USB_example2\Debug/../src/xusbps_ch9.c:127: undefined reference to `XUsbPs_ClassReq'
collect2.exe: error: ld returned 1 exit status
make: *** [USB_example2.elf] Error 1
12:01:00 **** Auto Build of configuration Debug for project USB_example2 ****
make pre-build main-build 
..\GUID.bat && a9-linaro-pre-build-step
Generating Guid HEX
Reading GUID from "D:\WorkingDirectory\Ottawa_workingDir\Misc\Winusb\Winusb.sdk\USB_example2\/src/GUID.txt" 

Writing to "D:\WorkingDirectory\Ottawa_workingDir\Misc\Winusb\Winusb.sdk\USB_example2\/src/GUID.h" 


GUID: {5D087431-5725-4673-83A0-4394EC2F0EEB} 

GUID is valid
' '
'Building file: ../src/xusbps_ch9.c'
'Invoking: ARM v7 gcc compiler'
arm-none-eabi-gcc -Wall -O0 -g3 -c -fmessage-length=0 -MT"src/xusbps_ch9.o" -mcpu=cortex-a9 -mfpu=vfpv3 -mfloat-abi=hard -I../../USB_example_bsp/ps7_cortexa9_0/include -MMD -MP -MF"src/xusbps_ch9.d" -MT"src/xusbps_ch9.o" -o "src/xusbps_ch9.o" "../src/xusbps_ch9.c"
'Finished building: ../src/xusbps_ch9.c'
' '
'Building file: ../src/xusbps_ch9_winusb.c'
'Invoking: ARM v7 gcc compiler'
arm-none-eabi-gcc -Wall -O0 -g3 -c -fmessage-length=0 -MT"src/xusbps_ch9_winusb.o" -mcpu=cortex-a9 -mfpu=vfpv3 -mfloat-abi=hard -I../../USB_example_bsp/ps7_cortexa9_0/include -MMD -MP -MF"src/xusbps_ch9_winusb.d" -MT"src/xusbps_ch9_winusb.o" -o "src/xusbps_ch9_winusb.o" "../src/xusbps_ch9_winusb.c"
'Finished building: ../src/xusbps_ch9_winusb.c'
' '
'Building target: USB_example2.elf'
'Invoking: ARM v7 gcc linker'
arm-none-eabi-gcc -mcpu=cortex-a9 -mfpu=vfpv3 -mfloat-abi=hard -Wl,-build-id=none -specs=Xilinx.spec -Wl,-T -Wl,../src/lscript.ld -L../../USB_example_bsp/ps7_cortexa9_0/lib -o "USB_example2.elf"  ./src/main.o ./src/platform.o ./src/xusbps_COMMS.o ./src/xusbps_Ringbuffer.o ./src/xusbps_ch9.o ./src/xusbps_ch9_winusb.o   -Wl,--start-group,-lxil,-lgcc,-lc,--end-group
'Finished building target: USB_example2.elf'
' '
'Invoking: ARM v7 Print Size'
arm-none-eabi-size USB_example2.elf  |tee "USB_example2.elf.size"
   text	   data	    bss	    dec	    hex	filename
  49340	   3792	  90304	 143436	  2304c	USB_example2.elf
'Finished building: USB_example2.elf.size'
' '
12:01:04 **** Incremental Build of configuration Debug for project USB_example2 ****
make pre-build main-build 
..\GUID.bat && a9-linaro-pre-build-step
Generating Guid HEX
Reading GUID from "D:\WorkingDirectory\Ottawa_workingDir\Misc\Winusb\Winusb.sdk\USB_example2\/src/GUID.txt" 

Writing to "D:\WorkingDirectory\Ottawa_workingDir\Misc\Winusb\Winusb.sdk\USB_example2\/src/GUID.h" 


GUID: {5D087431-5725-4673-83A0-4394EC2F0EEB} 

GUID is valid
' '
'Building file: ../src/xusbps_ch9_winusb.c'
'Invoking: ARM v7 gcc compiler'
arm-none-eabi-gcc -Wall -O0 -g3 -c -fmessage-length=0 -MT"src/xusbps_ch9_winusb.o" -mcpu=cortex-a9 -mfpu=vfpv3 -mfloat-abi=hard -I../../USB_example_bsp/ps7_cortexa9_0/include -MMD -MP -MF"src/xusbps_ch9_winusb.d" -MT"src/xusbps_ch9_winusb.o" -o "src/xusbps_ch9_winusb.o" "../src/xusbps_ch9_winusb.c"
'Finished building: ../src/xusbps_ch9_winusb.c'
' '
'Building target: USB_example2.elf'
'Invoking: ARM v7 gcc linker'
arm-none-eabi-gcc -mcpu=cortex-a9 -mfpu=vfpv3 -mfloat-abi=hard -Wl,-build-id=none -specs=Xilinx.spec -Wl,-T -Wl,../src/lscript.ld -L../../USB_example_bsp/ps7_cortexa9_0/lib -o "USB_example2.elf"  ./src/main.o ./src/platform.o ./src/xusbps_COMMS.o ./src/xusbps_Ringbuffer.o ./src/xusbps_ch9.o ./src/xusbps_ch9_winusb.o   -Wl,--start-group,-lxil,-lgcc,-lc,--end-group
'Finished building target: USB_example2.elf'
' '
'Invoking: ARM v7 Print Size'
arm-none-eabi-size USB_example2.elf  |tee "USB_example2.elf.size"
   text	   data	    bss	    dec	    hex	filename
  49340	   3792	  90304	 143436	  2304c	USB_example2.elf
'Finished building: USB_example2.elf.size'
' '
