12:01:04 **** Incremental Build of configuration Debug for project USB_example2 ****
make pre-build main-build 
..\GUID.bat && a9-linaro-pre-build-step
Generating Guid HEX
Reading GUID from "D:\WorkingDirectory\Ottawa_workingDir\Misc\Winusb\Winusb.sdk\USB_example2\/src/GUID.txt" 

Writing to "D:\WorkingDirectory\Ottawa_workingDir\Misc\Winusb\Winusb.sdk\USB_example2\/src/GUID.h" 


GUID: {5D087431-5725-4673-83A0-4394EC2F0EEB} 

GUID is valid
' '
'Building file: ../src/xusbps_ch9_winusb.c'
'Invoking: ARM v7 gcc compiler'
arm-none-eabi-gcc -Wall -O0 -g3 -c -fmessage-length=0 -MT"src/xusbps_ch9_winusb.o" -mcpu=cortex-a9 -mfpu=vfpv3 -mfloat-abi=hard -I../../USB_example_bsp/ps7_cortexa9_0/include -MMD -MP -MF"src/xusbps_ch9_winusb.d" -MT"src/xusbps_ch9_winusb.o" -o "src/xusbps_ch9_winusb.o" "../src/xusbps_ch9_winusb.c"
'Finished building: ../src/xusbps_ch9_winusb.c'
' '
'Building target: USB_example2.elf'
'Invoking: ARM v7 gcc linker'
arm-none-eabi-gcc -mcpu=cortex-a9 -mfpu=vfpv3 -mfloat-abi=hard -Wl,-build-id=none -specs=Xilinx.spec -Wl,-T -Wl,../src/lscript.ld -L../../USB_example_bsp/ps7_cortexa9_0/lib -o "USB_example2.elf"  ./src/main.o ./src/platform.o ./src/xusbps_COMMS.o ./src/xusbps_Ringbuffer.o ./src/xusbps_ch9.o ./src/xusbps_ch9_winusb.o   -Wl,--start-group,-lxil,-lgcc,-lc,--end-group
'Finished building target: USB_example2.elf'
' '
'Invoking: ARM v7 Print Size'
arm-none-eabi-size USB_example2.elf  |tee "USB_example2.elf.size"
   text	   data	    bss	    dec	    hex	filename
  49340	   3792	  90304	 143436	  2304c	USB_example2.elf
'Finished building: USB_example2.elf.size'
' '

12:01:05 Build Finished (took 974ms)

